Archive member included to satisfy reference by file (symbol)

c:/users/benoit/.p2/pool/plugins/fr.ac6.mcu.externaltools.arm-none.win32_1.15.0.201708311556/tools/compiler/bin/../lib/gcc/arm-none-eabi/6.3.1/../../../../arm-none-eabi/lib/thumb/v7e-m/fpv4-sp/hard\libc_nano.a(lib_a-exit.o)
                              c:/users/benoit/.p2/pool/plugins/fr.ac6.mcu.externaltools.arm-none.win32_1.15.0.201708311556/tools/compiler/bin/../lib/gcc/arm-none-eabi/6.3.1/../../../../arm-none-eabi/lib/thumb/v7e-m/fpv4-sp/hard/crt0.o (exit)
c:/users/benoit/.p2/pool/plugins/fr.ac6.mcu.externaltools.arm-none.win32_1.15.0.201708311556/tools/compiler/bin/../lib/gcc/arm-none-eabi/6.3.1/../../../../arm-none-eabi/lib/thumb/v7e-m/fpv4-sp/hard\libc_nano.a(lib_a-impure.o)
                              c:/users/benoit/.p2/pool/plugins/fr.ac6.mcu.externaltools.arm-none.win32_1.15.0.201708311556/tools/compiler/bin/../lib/gcc/arm-none-eabi/6.3.1/../../../../arm-none-eabi/lib/thumb/v7e-m/fpv4-sp/hard\libc_nano.a(lib_a-exit.o) (_global_impure_ptr)
c:/users/benoit/.p2/pool/plugins/fr.ac6.mcu.externaltools.arm-none.win32_1.15.0.201708311556/tools/compiler/bin/../lib/gcc/arm-none-eabi/6.3.1/../../../../arm-none-eabi/lib/thumb/v7e-m/fpv4-sp/hard\libc_nano.a(lib_a-init.o)
                              c:/users/benoit/.p2/pool/plugins/fr.ac6.mcu.externaltools.arm-none.win32_1.15.0.201708311556/tools/compiler/bin/../lib/gcc/arm-none-eabi/6.3.1/../../../../arm-none-eabi/lib/thumb/v7e-m/fpv4-sp/hard/crt0.o (__libc_init_array)
c:/users/benoit/.p2/pool/plugins/fr.ac6.mcu.externaltools.arm-none.win32_1.15.0.201708311556/tools/compiler/bin/../lib/gcc/arm-none-eabi/6.3.1/../../../../arm-none-eabi/lib/thumb/v7e-m/fpv4-sp/hard\libc_nano.a(lib_a-memcpy-stub.o)
                              Middlewares/Third_Party/FreeRTOS/Source/queue.o (memcpy)
c:/users/benoit/.p2/pool/plugins/fr.ac6.mcu.externaltools.arm-none.win32_1.15.0.201708311556/tools/compiler/bin/../lib/gcc/arm-none-eabi/6.3.1/../../../../arm-none-eabi/lib/thumb/v7e-m/fpv4-sp/hard\libc_nano.a(lib_a-memset.o)
                              c:/users/benoit/.p2/pool/plugins/fr.ac6.mcu.externaltools.arm-none.win32_1.15.0.201708311556/tools/compiler/bin/../lib/gcc/arm-none-eabi/6.3.1/../../../../arm-none-eabi/lib/thumb/v7e-m/fpv4-sp/hard/crt0.o (memset)
c:/users/benoit/.p2/pool/plugins/fr.ac6.mcu.externaltools.arm-none.win32_1.15.0.201708311556/tools/compiler/bin/../lib/gcc/arm-none-eabi/6.3.1/../../../../arm-none-eabi/lib/thumb/v7e-m/fpv4-sp/hard\libc_nano.a(lib_a-sprintf.o)
                              Src/UARTmenu.o (sprintf)
c:/users/benoit/.p2/pool/plugins/fr.ac6.mcu.externaltools.arm-none.win32_1.15.0.201708311556/tools/compiler/bin/../lib/gcc/arm-none-eabi/6.3.1/../../../../arm-none-eabi/lib/thumb/v7e-m/fpv4-sp/hard\libc_nano.a(lib_a-strcmp.o)
                              Src/UARTmenu.o (strcmp)
c:/users/benoit/.p2/pool/plugins/fr.ac6.mcu.externaltools.arm-none.win32_1.15.0.201708311556/tools/compiler/bin/../lib/gcc/arm-none-eabi/6.3.1/../../../../arm-none-eabi/lib/thumb/v7e-m/fpv4-sp/hard\libc_nano.a(lib_a-strtol.o)
                              Src/UARTmenu.o (strtol)
c:/users/benoit/.p2/pool/plugins/fr.ac6.mcu.externaltools.arm-none.win32_1.15.0.201708311556/tools/compiler/bin/../lib/gcc/arm-none-eabi/6.3.1/../../../../arm-none-eabi/lib/thumb/v7e-m/fpv4-sp/hard\libc_nano.a(lib_a-locale.o)
                              c:/users/benoit/.p2/pool/plugins/fr.ac6.mcu.externaltools.arm-none.win32_1.15.0.201708311556/tools/compiler/bin/../lib/gcc/arm-none-eabi/6.3.1/../../../../arm-none-eabi/lib/thumb/v7e-m/fpv4-sp/hard\libc_nano.a(lib_a-strtol.o) (__locale_ctype_ptr_l)
c:/users/benoit/.p2/pool/plugins/fr.ac6.mcu.externaltools.arm-none.win32_1.15.0.201708311556/tools/compiler/bin/../lib/gcc/arm-none-eabi/6.3.1/../../../../arm-none-eabi/lib/thumb/v7e-m/fpv4-sp/hard\libc_nano.a(lib_a-mbtowc_r.o)
                              c:/users/benoit/.p2/pool/plugins/fr.ac6.mcu.externaltools.arm-none.win32_1.15.0.201708311556/tools/compiler/bin/../lib/gcc/arm-none-eabi/6.3.1/../../../../arm-none-eabi/lib/thumb/v7e-m/fpv4-sp/hard\libc_nano.a(lib_a-locale.o) (__ascii_mbtowc)
c:/users/benoit/.p2/pool/plugins/fr.ac6.mcu.externaltools.arm-none.win32_1.15.0.201708311556/tools/compiler/bin/../lib/gcc/arm-none-eabi/6.3.1/../../../../arm-none-eabi/lib/thumb/v7e-m/fpv4-sp/hard\libc_nano.a(lib_a-nano-svfprintf.o)
                              c:/users/benoit/.p2/pool/plugins/fr.ac6.mcu.externaltools.arm-none.win32_1.15.0.201708311556/tools/compiler/bin/../lib/gcc/arm-none-eabi/6.3.1/../../../../arm-none-eabi/lib/thumb/v7e-m/fpv4-sp/hard\libc_nano.a(lib_a-sprintf.o) (_svfprintf_r)
c:/users/benoit/.p2/pool/plugins/fr.ac6.mcu.externaltools.arm-none.win32_1.15.0.201708311556/tools/compiler/bin/../lib/gcc/arm-none-eabi/6.3.1/../../../../arm-none-eabi/lib/thumb/v7e-m/fpv4-sp/hard\libc_nano.a(lib_a-nano-vfprintf_i.o)
[...]
Memory Configuration

Name             Origin             Length             Attributes
RAM              0x20000000         0x00020000         xrw
FLASH            0x08000000         0x00080000         xr
*default*        0x00000000         0xffffffff

Linker script and memory map

LOAD c:/users/benoit/.p2/pool/plugins/fr.ac6.mcu.externaltools.arm-none.win32_1.15.0.201708311556/tools/compiler/bin/../lib/gcc/arm-none-eabi/6.3.1/thumb/v7e-m/fpv4-sp/hard/crti.o
LOAD c:/users/benoit/.p2/pool/plugins/fr.ac6.mcu.externaltools.arm-none.win32_1.15.0.201708311556/tools/compiler/bin/../lib/gcc/arm-none-eabi/6.3.1/thumb/v7e-m/fpv4-sp/hard/crtbegin.o
LOAD c:/users/benoit/.p2/pool/plugins/fr.ac6.mcu.externaltools.arm-none.win32_1.15.0.201708311556/tools/compiler/bin/../lib/gcc/arm-none-eabi/6.3.1/../../../../arm-none-eabi/lib/thumb/v7e-m/fpv4-sp/hard/crt0.o
LOAD Drivers/STM32F4xx_HAL_Driver/Src/stm32f4xx_hal.o
LOAD Drivers/STM32F4xx_HAL_Driver/Src/stm32f4xx_hal_adc.o
LOAD Drivers/STM32F4xx_HAL_Driver/Src/stm32f4xx_hal_adc_ex.o
LOAD Drivers/STM32F4xx_HAL_Driver/Src/stm32f4xx_hal_cortex.o
LOAD Drivers/STM32F4xx_HAL_Driver/Src/stm32f4xx_hal_dma.o
LOAD Drivers/STM32F4xx_HAL_Driver/Src/stm32f4xx_hal_dma_ex.o
LOAD Drivers/STM32F4xx_HAL_Driver/Src/stm32f4xx_hal_flash.o
LOAD Drivers/STM32F4xx_HAL_Driver/Src/stm32f4xx_hal_flash_ex.o
LOAD Drivers/STM32F4xx_HAL_Driver/Src/stm32f4xx_hal_flash_ramfunc.o
LOAD Drivers/STM32F4xx_HAL_Driver/Src/stm32f4xx_hal_gpio.o
LOAD Drivers/STM32F4xx_HAL_Driver/Src/stm32f4xx_hal_i2c.o
LOAD Drivers/STM32F4xx_HAL_Driver/Src/stm32f4xx_hal_i2c_ex.o
LOAD Drivers/STM32F4xx_HAL_Driver/Src/stm32f4xx_hal_pwr.o
LOAD Drivers/STM32F4xx_HAL_Driver/Src/stm32f4xx_hal_pwr_ex.o
LOAD Drivers/STM32F4xx_HAL_Driver/Src/stm32f4xx_hal_rcc.o
LOAD Drivers/STM32F4xx_HAL_Driver/Src/stm32f4xx_hal_rcc_ex.o
LOAD Drivers/STM32F4xx_HAL_Driver/Src/stm32f4xx_hal_tim.o
LOAD Drivers/STM32F4xx_HAL_Driver/Src/stm32f4xx_hal_tim_ex.o
LOAD Drivers/STM32F4xx_HAL_Driver/Src/stm32f4xx_hal_uart.o
LOAD Middlewares/Third_Party/FreeRTOS/Source/CMSIS_RTOS/cmsis_os.o
LOAD Middlewares/Third_Party/FreeRTOS/Source/croutine.o
LOAD Middlewares/Third_Party/FreeRTOS/Source/event_groups.o
LOAD Middlewares/Third_Party/FreeRTOS/Source/list.o
LOAD Middlewares/Third_Party/FreeRTOS/Source/queue.o
LOAD Middlewares/Third_Party/FreeRTOS/Source/tasks.o
LOAD Middlewares/Third_Party/FreeRTOS/Source/timers.o
LOAD Middlewares/Third_Party/FreeRTOS/Source/portable/GCC/ARM_CM4F/port.o
LOAD Middlewares/Third_Party/FreeRTOS/Source/portable/MemMang/heap_4.o
LOAD Src/UARTmenu.o
LOAD Src/freertos.o
LOAD Src/main.o
LOAD Src/stm32f4xx_hal_msp.o
LOAD Src/stm32f4xx_it.o
LOAD Src/system_stm32f4xx.o
LOAD startup/startup_stm32f411xe.o
LOAD c:/users/benoit/.p2/pool/plugins/fr.ac6.mcu.externaltools.arm-none.win32_1.15.0.201708311556/tools/compiler/bin/../lib/gcc/arm-none-eabi/6.3.1/../../../../arm-none-eabi/lib/thumb/v7e-m/fpv4-sp/hard\libm.a
START GROUP
LOAD c:/users/benoit/.p2/pool/plugins/fr.ac6.mcu.externaltools.arm-none.win32_1.15.0.201708311556/tools/compiler/bin/../lib/gcc/arm-none-eabi/6.3.1/thumb/v7e-m/fpv4-sp/hard\libgcc.a
LOAD c:/users/benoit/.p2/pool/plugins/fr.ac6.mcu.externaltools.arm-none.win32_1.15.0.201708311556/tools/compiler/bin/../lib/gcc/arm-none-eabi/6.3.1/../../../../arm-none-eabi/lib/thumb/v7e-m/fpv4-sp/hard\libc_nano.a
END GROUP
START GROUP
LOAD c:/users/benoit/.p2/pool/plugins/fr.ac6.mcu.externaltools.arm-none.win32_1.15.0.201708311556/tools/compiler/bin/../lib/gcc/arm-none-eabi/6.3.1/thumb/v7e-m/fpv4-sp/hard\libgcc.a
LOAD c:/users/benoit/.p2/pool/plugins/fr.ac6.mcu.externaltools.arm-none.win32_1.15.0.201708311556/tools/compiler/bin/../lib/gcc/arm-none-eabi/6.3.1/../../../../arm-none-eabi/lib/thumb/v7e-m/fpv4-sp/hard\libc_nano.a
LOAD c:/users/benoit/.p2/pool/plugins/fr.ac6.mcu.externaltools.arm-none.win32_1.15.0.201708311556/tools/compiler/bin/../lib/gcc/arm-none-eabi/6.3.1/../../../../arm-none-eabi/lib/thumb/v7e-m/fpv4-sp/hard\libnosys.a
END GROUP
START GROUP
LOAD c:/users/benoit/.p2/pool/plugins/fr.ac6.mcu.externaltools.arm-none.win32_1.15.0.201708311556/tools/compiler/bin/../lib/gcc/arm-none-eabi/6.3.1/thumb/v7e-m/fpv4-sp/hard\libgcc.a
LOAD c:/users/benoit/.p2/pool/plugins/fr.ac6.mcu.externaltools.arm-none.win32_1.15.0.201708311556/tools/compiler/bin/../lib/gcc/arm-none-eabi/6.3.1/../../../../arm-none-eabi/lib/thumb/v7e-m/fpv4-sp/hard\libc_nano.a
LOAD c:/users/benoit/.p2/pool/plugins/fr.ac6.mcu.externaltools.arm-none.win32_1.15.0.201708311556/tools/compiler/bin/../lib/gcc/arm-none-eabi/6.3.1/../../../../arm-none-eabi/lib/thumb/v7e-m/fpv4-sp/hard\libnosys.a
END GROUP
LOAD c:/users/benoit/.p2/pool/plugins/fr.ac6.mcu.externaltools.arm-none.win32_1.15.0.201708311556/tools/compiler/bin/../lib/gcc/arm-none-eabi/6.3.1/thumb/v7e-m/fpv4-sp/hard/crtend.o
LOAD c:/users/benoit/.p2/pool/plugins/fr.ac6.mcu.externaltools.arm-none.win32_1.15.0.201708311556/tools/compiler/bin/../lib/gcc/arm-none-eabi/6.3.1/thumb/v7e-m/fpv4-sp/hard/crtn.o
                0x20020000                _estack = 0x20020000
                0x00000200                _Min_Heap_Size = 0x200
                0x00000400                _Min_Stack_Size = 0x400

.isr_vector     0x08000000      0x198
                0x08000000                . = ALIGN (0x4)
 *(.isr_vector)
 .isr_vector    0x08000000      0x198 startup/startup_stm32f411xe.o
                0x08000000                g_pfnVectors
                0x08000198                . = ALIGN (0x4)

.text           0x080001a0     0x5418
                0x080001a0                . = ALIGN (0x4)
 *(.text)
 .text          0x080001a0       0x6c c:/users/benoit/.p2/pool/plugins/fr.ac6.mcu.externaltools.arm-none.win32_1.15.0.201708311556/tools/compiler/bin/../lib/gcc/arm-none-eabi/6.3.1/thumb/v7e-m/fpv4-sp/hard/crtbegin.o
 .text          0x0800020c       0x14 c:/users/benoit/.p2/pool/plugins/fr.ac6.mcu.externaltools.arm-none.win32_1.15.0.201708311556/tools/compiler/bin/../lib/gcc/arm-none-eabi/6.3.1/../../../../arm-none-eabi/lib/thumb/v7e-m/fpv4-sp/hard\libc_nano.a(lib_a-strcmp.o)
                0x0800020c                strcmp
 .text          0x08000220       0xa0 c:/users/benoit/.p2/pool/plugins/fr.ac6.mcu.externaltools.arm-none.win32_1.15.0.201708311556/tools/compiler/bin/../lib/gcc/arm-none-eabi/6.3.1/../../../../arm-none-eabi/lib/thumb/v7e-m/fpv4-sp/hard\libc_nano.a(lib_a-memchr.o)
                0x08000220                memchr
 *(.text*)
 .text.HAL_InitTick
                0x080002c0       0x2c Drivers/STM32F4xx_HAL_Driver/Src/stm32f4xx_hal.o
                0x080002c0                HAL_InitTick
 .text.HAL_Init
                0x080002ec       0x34 Drivers/STM32F4xx_HAL_Driver/Src/stm32f4xx_hal.o
                0x080002ec                HAL_Init
 .text.HAL_IncTick
                0x08000320       0x10 Drivers/STM32F4xx_HAL_Driver/Src/stm32f4xx_hal.o
                0x08000320                HAL_IncTick
 .text.HAL_GetTick
                0x08000330        0xc Drivers/STM32F4xx_HAL_Driver/Src/stm32f4xx_hal.o
                0x08000330                HAL_GetTick
 .text.ADC_Init
                0x0800033c      0x13c Drivers/STM32F4xx_HAL_Driver/Src/stm32f4xx_hal_adc.o
 .text.HAL_ADC_Init
                0x08000478       0x54 Drivers/STM32F4xx_HAL_Driver/Src/stm32f4xx_hal_adc.o
                0x08000478                HAL_ADC_Init
 .text.HAL_ADC_PollForConversion
                0x080004cc       0xb6 Drivers/STM32F4xx_HAL_Driver/Src/stm32f4xx_hal_adc.o
                0x080004cc                HAL_ADC_PollForConversion
 .text.HAL_ADC_GetValue
                0x08000582        0x6 Drivers/STM32F4xx_HAL_Driver/Src/stm32f4xx_hal_adc.o
                0x08000582                HAL_ADC_GetValue
 .text.HAL_ADC_ConfigChannel
                0x08000588      0x194 Drivers/STM32F4xx_HAL_Driver/Src/stm32f4xx_hal_adc.o
                0x08000588                HAL_ADC_ConfigChannel
 .text.HAL_NVIC_SetPriorityGrouping
                0x0800071c       0x24 Drivers/STM32F4xx_HAL_Driver/Src/stm32f4xx_hal_cortex.o
                0x0800071c                HAL_NVIC_SetPriorityGrouping
 .text.HAL_NVIC_SetPriority
                0x08000740       0x64 Drivers/STM32F4xx_HAL_Driver/Src/stm32f4xx_hal_cortex.o
                0x08000740                HAL_NVIC_SetPriority
 .text.HAL_NVIC_EnableIRQ
                0x080007a4       0x18 Drivers/STM32F4xx_HAL_Driver/Src/stm32f4xx_hal_cortex.o
                0x080007a4                HAL_NVIC_EnableIRQ
 .text.HAL_SYSTICK_Config
                0x080007bc       0x2c Drivers/STM32F4xx_HAL_Driver/Src/stm32f4xx_hal_cortex.o
                0x080007bc                HAL_SYSTICK_Config
 .text.HAL_SYSTICK_CLKSourceConfig
                0x080007e8       0x20 Drivers/STM32F4xx_HAL_Driver/Src/stm32f4xx_hal_cortex.o
                0x080007e8                HAL_SYSTICK_CLKSourceConfig
 .text.HAL_DMA_Abort_IT
                0x08000808       0x26 Drivers/STM32F4xx_HAL_Driver/Src/stm32f4xx_hal_dma.o
                0x08000808                HAL_DMA_Abort_IT
 *fill*         0x0800082e        0x2 
 .text.HAL_GPIO_Init
                0x08000830      0x1a8 Drivers/STM32F4xx_HAL_Driver/Src/stm32f4xx_hal_gpio.o
                0x08000830                HAL_GPIO_Init
 .text.HAL_GPIO_WritePin
                0x080009d8        0xc Drivers/STM32F4xx_HAL_Driver/Src/stm32f4xx_hal_gpio.o
                0x080009d8                HAL_GPIO_WritePin
 .text.I2C_Master_SB
                0x080009e4       0x8a Drivers/STM32F4xx_HAL_Driver/Src/stm32f4xx_hal_i2c.o
 .text.I2C_Master_ADD10
                0x08000a6e        0xc Drivers/STM32F4xx_HAL_Driver/Src/stm32f4xx_hal_i2c.o
 .text.I2C_Master_ADDR
                0x08000a7a      0x1cc Drivers/STM32F4xx_HAL_Driver/Src/stm32f4xx_hal_i2c.o
 .text.I2C_SlaveTransmit_BTF
                0x08000c46       0x20 Drivers/STM32F4xx_HAL_Driver/Src/stm32f4xx_hal_i2c.o
 .text.I2C_SlaveReceive_BTF
                0x08000c66       0x20 Drivers/STM32F4xx_HAL_Driver/Src/stm32f4xx_hal_i2c.o
 *fill*         0x08000c86        0x2 
 .text.HAL_I2C_Init
                0x08000c88      0x11c Drivers/STM32F4xx_HAL_Driver/Src/stm32f4xx_hal_i2c.o
                0x08000c88                HAL_I2C_Init
 .text.HAL_I2C_MasterTxCpltCallback
                0x08000da4        0x2 Drivers/STM32F4xx_HAL_Driver/Src/stm32f4xx_hal_i2c.o
                0x08000da4                HAL_I2C_MasterTxCpltCallback
 .text.HAL_I2C_MasterRxCpltCallback
                0x08000da6        0x2 Drivers/STM32F4xx_HAL_Driver/Src/stm32f4xx_hal_i2c.o
                0x08000da6                HAL_I2C_MasterRxCpltCallback
 .text.HAL_I2C_SlaveTxCpltCallback
                0x08000da8        0x2 Drivers/STM32F4xx_HAL_Driver/Src/stm32f4xx_hal_i2c.o
                0x08000da8                HAL_I2C_SlaveTxCpltCallback
 .text.I2C_SlaveTransmit_TXE
                0x08000daa       0x50 Drivers/STM32F4xx_HAL_Driver/Src/stm32f4xx_hal_i2c.o
 .text.HAL_I2C_SlaveRxCpltCallback
                0x08000dfa        0x2 Drivers/STM32F4xx_HAL_Driver/Src/stm32f4xx_hal_i2c.o
                0x08000dfa                HAL_I2C_SlaveRxCpltCallback
 .text.I2C_SlaveReceive_RXNE
                0x08000dfc       0x4c Drivers/STM32F4xx_HAL_Driver/Src/stm32f4xx_hal_i2c.o
 .text.HAL_I2C_AddrCallback
                0x08000e48        0x2 Drivers/STM32F4xx_HAL_Driver/Src/stm32f4xx_hal_i2c.o
                0x08000e48                HAL_I2C_AddrCallback
 .text.I2C_Slave_ADDR
                0x08000e4a       0x28 Drivers/STM32F4xx_HAL_Driver/Src/stm32f4xx_hal_i2c.o
 .text.HAL_I2C_ListenCpltCallback
                0x08000e72        0x2 Drivers/STM32F4xx_HAL_Driver/Src/stm32f4xx_hal_i2c.o
                0x08000e72                HAL_I2C_ListenCpltCallback
 .text.HAL_I2C_MemTxCpltCallback
                0x08000e74        0x2 Drivers/STM32F4xx_HAL_Driver/Src/stm32f4xx_hal_i2c.o
                0x08000e74                HAL_I2C_MemTxCpltCallback
 .text.I2C_MasterTransmit_TXE
                0x08000e76      0x14a Drivers/STM32F4xx_HAL_Driver/Src/stm32f4xx_hal_i2c.o
 .text.I2C_MasterTransmit_BTF
                0x08000fc0       0x9e Drivers/STM32F4xx_HAL_Driver/Src/stm32f4xx_hal_i2c.o
 .text.HAL_I2C_MemRxCpltCallback
                0x0800105e        0x2 Drivers/STM32F4xx_HAL_Driver/Src/stm32f4xx_hal_i2c.o
                0x0800105e                HAL_I2C_MemRxCpltCallback
 .text.I2C_MasterReceive_RXNE
                0x08001060       0xbe Drivers/STM32F4xx_HAL_Driver/Src/stm32f4xx_hal_i2c.o
 .text.I2C_MasterReceive_BTF
                0x0800111e       0xf4 Drivers/STM32F4xx_HAL_Driver/Src/stm32f4xx_hal_i2c.o
 .text.HAL_I2C_ErrorCallback
                0x08001212        0x2 Drivers/STM32F4xx_HAL_Driver/Src/stm32f4xx_hal_i2c.o
                0x08001212                HAL_I2C_ErrorCallback
 .text.HAL_I2C_AbortCpltCallback
                0x08001214        0x2 Drivers/STM32F4xx_HAL_Driver/Src/stm32f4xx_hal_i2c.o
                0x08001214                HAL_I2C_AbortCpltCallback
 *fill*         0x08001216        0x2 
 .text.I2C_ITError
                0x08001218      0x14c Drivers/STM32F4xx_HAL_Driver/Src/stm32f4xx_hal_i2c.o
 .text.I2C_Slave_STOPF
                0x08001364      0x104 Drivers/STM32F4xx_HAL_Driver/Src/stm32f4xx_hal_i2c.o
 .text.HAL_I2C_EV_IRQHandler
                0x08001468      0x168 Drivers/STM32F4xx_HAL_Driver/Src/stm32f4xx_hal_i2c.o
                0x08001468                HAL_I2C_EV_IRQHandler
 .text.I2C_DMAAbort
                0x080015d0       0x5e Drivers/STM32F4xx_HAL_Driver/Src/stm32f4xx_hal_i2c.o
 *fill*         0x0800162e        0x2 
 .text.HAL_RCC_OscConfig
                0x08001630      0x3b0 Drivers/STM32F4xx_HAL_Driver/Src/stm32f4xx_hal_rcc.o
                0x08001630                HAL_RCC_OscConfig
 .text.HAL_RCC_GetSysClockFreq
                0x080019e0       0x94 Drivers/STM32F4xx_HAL_Driver/Src/stm32f4xx_hal_rcc.o
                0x080019e0                HAL_RCC_GetSysClockFreq
 .text.HAL_RCC_ClockConfig
                0x08001a74      0x19c Drivers/STM32F4xx_HAL_Driver/Src/stm32f4xx_hal_rcc.o
                0x08001a74                HAL_RCC_ClockConfig
 .text.HAL_RCC_GetHCLKFreq
                0x08001c10        0xc Drivers/STM32F4xx_HAL_Driver/Src/stm32f4xx_hal_rcc.o
                0x08001c10                HAL_RCC_GetHCLKFreq
 .text.HAL_RCC_GetPCLK1Freq
                0x08001c1c       0x2c Drivers/STM32F4xx_HAL_Driver/Src/stm32f4xx_hal_rcc.o
                0x08001c1c                HAL_RCC_GetPCLK1Freq
 .text.HAL_RCC_GetPCLK2Freq
                0x08001c48       0x2c Drivers/STM32F4xx_HAL_Driver/Src/stm32f4xx_hal_rcc.o
                0x08001c48                HAL_RCC_GetPCLK2Freq
 .text.TIM_OC1_SetConfig
                0x08001c74       0x54 Drivers/STM32F4xx_HAL_Driver/Src/stm32f4xx_hal_tim.o
 .text.TIM_OC3_SetConfig
                0x08001cc8       0x5c Drivers/STM32F4xx_HAL_Driver/Src/stm32f4xx_hal_tim.o
 .text.TIM_OC4_SetConfig
                0x08001d24       0x48 Drivers/STM32F4xx_HAL_Driver/Src/stm32f4xx_hal_tim.o
 .text.TIM_Base_SetConfig
                0x08001d6c       0xd0 Drivers/STM32F4xx_HAL_Driver/Src/stm32f4xx_hal_tim.o
                0x08001d6c                TIM_Base_SetConfig
 .text.HAL_TIM_PWM_Init
                0x08001e3c       0x32 Drivers/STM32F4xx_HAL_Driver/Src/stm32f4xx_hal_tim.o
                0x08001e3c                HAL_TIM_PWM_Init
 *fill*         0x08001e6e        0x2 
 .text.TIM_OC2_SetConfig
                0x08001e70       0x5c Drivers/STM32F4xx_HAL_Driver/Src/stm32f4xx_hal_tim.o
                0x08001e70                TIM_OC2_SetConfig
 .text.HAL_TIM_PWM_ConfigChannel
                0x08001ecc       0xdc Drivers/STM32F4xx_HAL_Driver/Src/stm32f4xx_hal_tim.o
                0x08001ecc                HAL_TIM_PWM_ConfigChannel
 .text.TIM_CCxChannelCmd
                0x08001fa8       0x1e Drivers/STM32F4xx_HAL_Driver/Src/stm32f4xx_hal_tim.o
                0x08001fa8                TIM_CCxChannelCmd
 *fill*         0x08001fc6        0x2 
 .text.HAL_TIM_PWM_Start
                0x08001fc8       0x30 Drivers/STM32F4xx_HAL_Driver/Src/stm32f4xx_hal_tim.o
                0x08001fc8                HAL_TIM_PWM_Start
 .text.HAL_TIMEx_MasterConfigSynchronization
                0x08001ff8       0x52 Drivers/STM32F4xx_HAL_Driver/Src/stm32f4xx_hal_tim_ex.o
                0x08001ff8                HAL_TIMEx_MasterConfigSynchronization
 *fill*         0x0800204a        0x2 
 .text.UART_SetConfig
                0x0800204c      0x344 Drivers/STM32F4xx_HAL_Driver/Src/stm32f4xx_hal_uart.o
 .text.UART_WaitOnFlagUntilTimeout
                0x08002390       0x64 Drivers/STM32F4xx_HAL_Driver/Src/stm32f4xx_hal_uart.o
 .text.HAL_UART_Init
                0x080023f4       0x5e Drivers/STM32F4xx_HAL_Driver/Src/stm32f4xx_hal_uart.o
                0x080023f4                HAL_UART_Init
 .text.HAL_UART_Transmit
                0x08002452       0xe2 Drivers/STM32F4xx_HAL_Driver/Src/stm32f4xx_hal_uart.o
                0x08002452                HAL_UART_Transmit
 .text.HAL_UART_Receive
                0x08002534       0xe6 Drivers/STM32F4xx_HAL_Driver/Src/stm32f4xx_hal_uart.o
                0x08002534                HAL_UART_Receive
 .text.makeFreeRtosPriority
                0x0800261a        0xc Middlewares/Third_Party/FreeRTOS/Source/CMSIS_RTOS/cmsis_os.o
 .text.inHandlerMode
                0x08002626        0xc Middlewares/Third_Party/FreeRTOS/Source/CMSIS_RTOS/cmsis_os.o
 .text.osKernelStart
                0x08002632        0xa Middlewares/Third_Party/FreeRTOS/Source/CMSIS_RTOS/cmsis_os.o
                0x08002632                osKernelStart
 .text.osThreadCreate
                0x0800263c       0x34 Middlewares/Third_Party/FreeRTOS/Source/CMSIS_RTOS/cmsis_os.o
                0x0800263c                osThreadCreate
 .text.osDelay  0x08002670       0x12 Middlewares/Third_Party/FreeRTOS/Source/CMSIS_RTOS/cmsis_os.o
                0x08002670                osDelay
 .text.osMessageCreate
                0x08002682        0xe Middlewares/Third_Party/FreeRTOS/Source/CMSIS_RTOS/cmsis_os.o
                0x08002682                osMessageCreate
 .text.osMessagePut
                0x08002690       0x68 Middlewares/Third_Party/FreeRTOS/Source/CMSIS_RTOS/cmsis_os.o
                0x08002690                osMessagePut
 .text.osMessageGet
                0x080026f8       0xa0 Middlewares/Third_Party/FreeRTOS/Source/CMSIS_RTOS/cmsis_os.o
                0x080026f8                osMessageGet
 .text.osSystickHandler
                0x08002798       0x10 Middlewares/Third_Party/FreeRTOS/Source/CMSIS_RTOS/cmsis_os.o
                0x08002798                osSystickHandler
 .text.vListInitialise
                0x080027a8       0x16 Middlewares/Third_Party/FreeRTOS/Source/list.o
                0x080027a8                vListInitialise
 .text.vListInitialiseItem
                0x080027be        0x6 Middlewares/Third_Party/FreeRTOS/Source/list.o
                0x080027be                vListInitialiseItem
 .text.vListInsertEnd
                0x080027c4       0x18 Middlewares/Third_Party/FreeRTOS/Source/list.o
                0x080027c4                vListInsertEnd
 .text.vListInsert
                0x080027dc       0x34 Middlewares/Third_Party/FreeRTOS/Source/list.o
                0x080027dc                vListInsert
 .text.uxListRemove
                0x08002810       0x26 Middlewares/Third_Party/FreeRTOS/Source/list.o
                0x08002810                uxListRemove
 .text.prvIsQueueFull
                0x08002836       0x1e Middlewares/Third_Party/FreeRTOS/Source/queue.o
 .text.prvIsQueueEmpty
                0x08002854       0x1a Middlewares/Third_Party/FreeRTOS/Source/queue.o
 .text.prvCopyDataToQueue
                0x0800286e       0x76 Middlewares/Third_Party/FreeRTOS/Source/queue.o
 .text.prvCopyDataFromQueue
                0x080028e4       0x24 Middlewares/Third_Party/FreeRTOS/Source/queue.o
 .text.prvUnlockQueue
                0x08002908       0x6e Middlewares/Third_Party/FreeRTOS/Source/queue.o
 *fill*         0x08002976        0x2 
 .text.xQueueGenericReset
                0x08002978       0x80 Middlewares/Third_Party/FreeRTOS/Source/queue.o
                0x08002978                xQueueGenericReset
 .text.prvInitialiseNewQueue
                0x080029f8       0x1c Middlewares/Third_Party/FreeRTOS/Source/queue.o
 .text.xQueueGenericCreate
                0x08002a14       0x48 Middlewares/Third_Party/FreeRTOS/Source/queue.o
                0x08002a14                xQueueGenericCreate
 .text.xQueueGenericSend
                0x08002a5c      0x188 Middlewares/Third_Party/FreeRTOS/Source/queue.o
                0x08002a5c                xQueueGenericSend
 .text.xQueueGenericSendFromISR
                0x08002be4       0xde Middlewares/Third_Party/FreeRTOS/Source/queue.o
                0x08002be4                xQueueGenericSendFromISR
 *fill*         0x08002cc2        0x2 
 .text.xQueueGenericReceive
                0x08002cc4      0x1b0 Middlewares/Third_Party/FreeRTOS/Source/queue.o
                0x08002cc4                xQueueGenericReceive
 .text.xQueueReceiveFromISR
                0x08002e74       0xb6 Middlewares/Third_Party/FreeRTOS/Source/queue.o
                0x08002e74                xQueueReceiveFromISR
 *fill*         0x08002f2a        0x2 
 .text.prvResetNextTaskUnblockTime
                0x08002f2c       0x2c Middlewares/Third_Party/FreeRTOS/Source/tasks.o
 .text.prvDeleteTCB
                0x08002f58       0x12 Middlewares/Third_Party/FreeRTOS/Source/tasks.o
 .text.prvInitialiseNewTask
                0x08002f6a       0x80 Middlewares/Third_Party/FreeRTOS/Source/tasks.o
 *fill*         0x08002fea        0x2 
 .text.prvInitialiseTaskLists
                0x08002fec       0x58 Middlewares/Third_Party/FreeRTOS/Source/tasks.o
 .text.prvAddNewTaskToReadyList
                0x08003044       0xac Middlewares/Third_Party/FreeRTOS/Source/tasks.o
 .text.prvAddCurrentTaskToDelayedList
                0x080030f0       0x88 Middlewares/Third_Party/FreeRTOS/Source/tasks.o
 .text.xTaskCreate
                0x08003178       0x62 Middlewares/Third_Party/FreeRTOS/Source/tasks.o
                0x08003178                xTaskCreate
 *fill*         0x080031da        0x2 
 .text.vTaskStartScheduler
                0x080031dc       0x74 Middlewares/Third_Party/FreeRTOS/Source/tasks.o
                0x080031dc                vTaskStartScheduler
 .text.vTaskSuspendAll
                0x08003250       0x14 Middlewares/Third_Party/FreeRTOS/Source/tasks.o
                0x08003250                vTaskSuspendAll
 .text.xTaskIncrementTick
                0x08003264      0x114 Middlewares/Third_Party/FreeRTOS/Source/tasks.o
                0x08003264                xTaskIncrementTick
 .text.xTaskResumeAll
                0x08003378       0xf4 Middlewares/Third_Party/FreeRTOS/Source/tasks.o
                0x08003378                xTaskResumeAll
 .text.vTaskDelay
                0x0800346c       0x50 Middlewares/Third_Party/FreeRTOS/Source/tasks.o
                0x0800346c                vTaskDelay
 .text.prvCheckTasksWaitingTermination
                0x080034bc       0x54 Middlewares/Third_Party/FreeRTOS/Source/tasks.o
 .text.prvIdleTask
                0x08003510       0x28 Middlewares/Third_Party/FreeRTOS/Source/tasks.o
 .text.vTaskSwitchContext
                0x08003538       0x90 Middlewares/Third_Party/FreeRTOS/Source/tasks.o
                0x08003538                vTaskSwitchContext
 .text.vTaskPlaceOnEventList
                0x080035c8       0x34 Middlewares/Third_Party/FreeRTOS/Source/tasks.o
                0x080035c8                vTaskPlaceOnEventList
 .text.xTaskRemoveFromEventList
                0x080035fc       0x84 Middlewares/Third_Party/FreeRTOS/Source/tasks.o
                0x080035fc                xTaskRemoveFromEventList
 .text.vTaskSetTimeOutState
                0x08003680       0x28 Middlewares/Third_Party/FreeRTOS/Source/tasks.o
                0x08003680                vTaskSetTimeOutState
 .text.xTaskCheckForTimeOut
                0x080036a8       0x80 Middlewares/Third_Party/FreeRTOS/Source/tasks.o
                0x080036a8                xTaskCheckForTimeOut
 .text.vTaskMissedYield
                0x08003728       0x10 Middlewares/Third_Party/FreeRTOS/Source/tasks.o
                0x08003728                vTaskMissedYield
 .text.xTaskGetSchedulerState
                0x08003738       0x20 Middlewares/Third_Party/FreeRTOS/Source/tasks.o
                0x08003738                xTaskGetSchedulerState
 .text.vTaskPriorityInherit
                0x08003758       0xb0 Middlewares/Third_Party/FreeRTOS/Source/tasks.o
                0x08003758                vTaskPriorityInherit
 .text.xTaskPriorityDisinherit
                0x08003808       0xb8 Middlewares/Third_Party/FreeRTOS/Source/tasks.o
                0x08003808                xTaskPriorityDisinherit
 .text.pvTaskIncrementMutexHeldCount
                0x080038c0       0x20 Middlewares/Third_Party/FreeRTOS/Source/tasks.o
                0x080038c0                pvTaskIncrementMutexHeldCount
 .text.prvTaskExitError
                0x080038e0       0x34 Middlewares/Third_Party/FreeRTOS/Source/portable/GCC/ARM_CM4F/port.o
 .text.prvPortStartFirstTask
                0x08003914       0x20 Middlewares/Third_Party/FreeRTOS/Source/portable/GCC/ARM_CM4F/port.o
 .text.vPortEnableVFP
                0x08003934       0x14 Middlewares/Third_Party/FreeRTOS/Source/portable/GCC/ARM_CM4F/port.o
 .text.pxPortInitialiseStack
                0x08003948       0x2c Middlewares/Third_Party/FreeRTOS/Source/portable/GCC/ARM_CM4F/port.o
                0x08003948                pxPortInitialiseStack
 *fill*         0x08003974        0xc 
 .text.SVC_Handler
                0x08003980       0x24 Middlewares/Third_Party/FreeRTOS/Source/portable/GCC/ARM_CM4F/port.o
                0x08003980                SVC_Handler
 .text.vPortEnterCritical
                0x080039a4       0x44 Middlewares/Third_Party/FreeRTOS/Source/portable/GCC/ARM_CM4F/port.o
                0x080039a4                vPortEnterCritical
 .text.vPortExitCritical
                0x080039e8       0x2c Middlewares/Third_Party/FreeRTOS/Source/portable/GCC/ARM_CM4F/port.o
                0x080039e8                vPortExitCritical
 *fill*         0x08003a14        0xc 
 .text.PendSV_Handler
                0x08003a20       0x64 Middlewares/Third_Party/FreeRTOS/Source/portable/GCC/ARM_CM4F/port.o
                0x08003a20                PendSV_Handler
 .text.xPortSysTickHandler
                0x08003a84       0x2c Middlewares/Third_Party/FreeRTOS/Source/portable/GCC/ARM_CM4F/port.o
                0x08003a84                xPortSysTickHandler
 .text.vPortSetupTimerInterrupt
                0x08003ab0       0x2c Middlewares/Third_Party/FreeRTOS/Source/portable/GCC/ARM_CM4F/port.o
                0x08003ab0                vPortSetupTimerInterrupt
 .text.xPortStartScheduler
                0x08003adc       0xe8 Middlewares/Third_Party/FreeRTOS/Source/portable/GCC/ARM_CM4F/port.o
                0x08003adc                xPortStartScheduler
 .text.vPortValidateInterruptPriority
                0x08003bc4       0x58 Middlewares/Third_Party/FreeRTOS/Source/portable/GCC/ARM_CM4F/port.o
                0x08003bc4                vPortValidateInterruptPriority
 .text.prvHeapInit
                0x08003c1c       0x58 Middlewares/Third_Party/FreeRTOS/Source/portable/MemMang/heap_4.o
 .text.prvInsertBlockIntoFreeList
                0x08003c74       0x58 Middlewares/Third_Party/FreeRTOS/Source/portable/MemMang/heap_4.o
 .text.pvPortMalloc
                0x08003ccc      0x10c Middlewares/Third_Party/FreeRTOS/Source/portable/MemMang/heap_4.o
                0x08003ccc                pvPortMalloc
 .text.vPortFree
                0x08003dd8       0x70 Middlewares/Third_Party/FreeRTOS/Source/portable/MemMang/heap_4.o
                0x08003dd8                vPortFree
 .text.CLEAR_BUFFER
                0x08003e48       0x10 Src/UARTmenu.o
                0x08003e48                CLEAR_BUFFER
 .text.UART_GETS
                0x08003e58       0x94 Src/UARTmenu.o
                0x08003e58                UART_GETS
 .text.UART_PUTS
                0x08003eec       0x38 Src/UARTmenu.o
                0x08003eec                UART_PUTS
 .text.UART_START_MENU
                0x08003f24       0x88 Src/UARTmenu.o
                0x08003f24                UART_START_MENU
 .text.FUNC_SPEED
                0x08003fac       0x10 Src/UARTmenu.o
                0x08003fac                FUNC_SPEED
 .text.FUNC_STEERING
                0x08003fbc       0x12 Src/UARTmenu.o
                0x08003fbc                FUNC_STEERING
 *fill*         0x08003fce        0x2 
 .text.UART_MENU
                0x08003fd0      0x1ec Src/UARTmenu.o
                0x08003fd0                UART_MENU
 .text.MX_GPIO_Init
                0x080041bc       0xa8 Src/main.o
 .text.start_Task_LED
                0x08004264        0xc Src/main.o
                0x08004264                start_Task_LED
 .text.start_Task_I2C
                0x08004270        0xa Src/main.o
                0x08004270                start_Task_I2C
 *fill*         0x0800427a        0x2 
 .text.start_Task_UART
                0x0800427c       0x28 Src/main.o
                0x0800427c                start_Task_UART
 .text._Error_Handler
                0x080042a4        0x2 Src/main.o
                0x080042a4                _Error_Handler
 *fill*         0x080042a6        0x2 
 .text.MX_ADC1_Init
                0x080042a8       0x6c Src/main.o
 .text.MX_USART2_UART_Init
                0x08004314       0x3c Src/main.o
 .text.MX_TIM2_Init
                0x08004350       0x74 Src/main.o
 .text.MX_I2C1_Init
                0x080043c4       0x44 Src/main.o
 .text.MX_I2C2_Init
                0x08004408       0x44 Src/main.o
 .text.MX_TIM5_Init
                0x0800444c       0x7c Src/main.o
 .text.SystemClock_Config
                0x080044c8       0xa8 Src/main.o
                0x080044c8                SystemClock_Config
 .text.main     0x08004570      0x108 Src/main.o
                0x08004570                main
 .text.PWM_Prop
                0x08004678       0x98 Src/main.o
                0x08004678                PWM_Prop
 .text.PWM_Dir  0x08004710       0x9c Src/main.o
                0x08004710                PWM_Dir
 .text.Task_Control
                0x080047ac       0xa0 Src/main.o
                0x080047ac                Task_Control
 .text.HAL_MspInit
                0x0800484c       0x5e Src/stm32f4xx_hal_msp.o
                0x0800484c                HAL_MspInit
 *fill*         0x080048aa        0x2 
 .text.HAL_ADC_MspInit
                0x080048ac       0x48 Src/stm32f4xx_hal_msp.o
                0x080048ac                HAL_ADC_MspInit
 .text.HAL_I2C_MspInit
                0x080048f4       0xcc Src/stm32f4xx_hal_msp.o
                0x080048f4                HAL_I2C_MspInit
 .text.HAL_TIM_PWM_MspInit
                0x080049c0       0x50 Src/stm32f4xx_hal_msp.o
                0x080049c0                HAL_TIM_PWM_MspInit
 .text.HAL_TIM_MspPostInit
                0x08004a10       0x54 Src/stm32f4xx_hal_msp.o
                0x08004a10                HAL_TIM_MspPostInit
 .text.HAL_UART_MspInit
                0x08004a64       0x54 Src/stm32f4xx_hal_msp.o
                0x08004a64                HAL_UART_MspInit
 .text.NMI_Handler
                0x08004ab8        0x2 Src/stm32f4xx_it.o
                0x08004ab8                NMI_Handler
 .text.HardFault_Handler
                0x08004aba        0x2 Src/stm32f4xx_it.o
                0x08004aba                HardFault_Handler
 .text.MemManage_Handler
                0x08004abc        0x2 Src/stm32f4xx_it.o
                0x08004abc                MemManage_Handler
 .text.BusFault_Handler
                0x08004abe        0x2 Src/stm32f4xx_it.o
                0x08004abe                BusFault_Handler
 .text.UsageFault_Handler
                0x08004ac0        0x2 Src/stm32f4xx_it.o
                0x08004ac0                UsageFault_Handler
 .text.DebugMon_Handler
                0x08004ac2        0x2 Src/stm32f4xx_it.o
                0x08004ac2                DebugMon_Handler
 .text.SysTick_Handler
                0x08004ac4        0xc Src/stm32f4xx_it.o
                0x08004ac4                SysTick_Handler
 .text.I2C1_EV_IRQHandler
                0x08004ad0       0x10 Src/stm32f4xx_it.o
                0x08004ad0                I2C1_EV_IRQHandler
 .text.I2C2_EV_IRQHandler
                0x08004ae0       0x10 Src/stm32f4xx_it.o
                0x08004ae0                I2C2_EV_IRQHandler
 .text.SystemInit
                0x08004af0       0x4c Src/system_stm32f4xx.o
                0x08004af0                SystemInit
 .text.Reset_Handler
                0x08004b3c       0x50 startup/startup_stm32f411xe.o
                0x08004b3c                Reset_Handler
 .text.Default_Handler
                0x08004b8c        0x2 startup/startup_stm32f411xe.o
                0x08004b8c                RTC_Alarm_IRQHandler
                0x08004b8c                EXTI2_IRQHandler
                0x08004b8c                SPI4_IRQHandler
                0x08004b8c                TIM1_CC_IRQHandler
                0x08004b8c                DMA2_Stream5_IRQHandler
                0x08004b8c                DMA1_Stream5_IRQHandler
                0x08004b8c                PVD_IRQHandler
                0x08004b8c                SDIO_IRQHandler
                0x08004b8c                TAMP_STAMP_IRQHandler
                0x08004b8c                EXTI3_IRQHandler
                0x08004b8c                TIM1_UP_TIM10_IRQHandler
                0x08004b8c                I2C3_ER_IRQHandler
                0x08004b8c                EXTI0_IRQHandler
                0x08004b8c                DMA1_Stream2_IRQHandler
                0x08004b8c                FPU_IRQHandler
                0x08004b8c                DMA2_Stream2_IRQHandler
                0x08004b8c                SPI1_IRQHandler
                0x08004b8c                TIM1_BRK_TIM9_IRQHandler
                0x08004b8c                DMA2_Stream3_IRQHandler
                0x08004b8c                USART6_IRQHandler
                0x08004b8c                DMA2_Stream0_IRQHandler
                0x08004b8c                TIM4_IRQHandler
                0x08004b8c                DMA1_Stream6_IRQHandler
                0x08004b8c                DMA1_Stream1_IRQHandler
                0x08004b8c                TIM3_IRQHandler
                0x08004b8c                RCC_IRQHandler
                0x08004b8c                Default_Handler
                0x08004b8c                EXTI15_10_IRQHandler
                0x08004b8c                ADC_IRQHandler
                0x08004b8c                DMA1_Stream7_IRQHandler
                0x08004b8c                SPI5_IRQHandler
                0x08004b8c                TIM5_IRQHandler
                0x08004b8c                DMA2_Stream7_IRQHandler
                0x08004b8c                I2C3_EV_IRQHandler
                0x08004b8c                EXTI9_5_IRQHandler
                0x08004b8c                RTC_WKUP_IRQHandler
                0x08004b8c                SPI2_IRQHandler
                0x08004b8c                DMA1_Stream0_IRQHandler
                0x08004b8c                EXTI4_IRQHandler
                0x08004b8c                WWDG_IRQHandler
                0x08004b8c                TIM2_IRQHandler
                0x08004b8c                OTG_FS_WKUP_IRQHandler
                0x08004b8c                TIM1_TRG_COM_TIM11_IRQHandler
                0x08004b8c                EXTI1_IRQHandler
                0x08004b8c                USART2_IRQHandler
                0x08004b8c                I2C2_ER_IRQHandler
                0x08004b8c                DMA2_Stream1_IRQHandler
                0x08004b8c                FLASH_IRQHandler
                0x08004b8c                DMA2_Stream4_IRQHandler
                0x08004b8c                USART1_IRQHandler
                0x08004b8c                OTG_FS_IRQHandler
                0x08004b8c                SPI3_IRQHandler
                0x08004b8c                DMA1_Stream4_IRQHandler
                0x08004b8c                I2C1_ER_IRQHandler
                0x08004b8c                DMA2_Stream6_IRQHandler
                0x08004b8c                DMA1_Stream3_IRQHandler
 *fill*         0x08004b8e        0x2 
 .text.__libc_init_array
                0x08004b90       0x48 c:/users/benoit/.p2/pool/plugins/fr.ac6.mcu.externaltools.arm-none.win32_1.15.0.201708311556/tools/compiler/bin/../lib/gcc/arm-none-eabi/6.3.1/../../../../arm-none-eabi/lib/thumb/v7e-m/fpv4-sp/hard\libc_nano.a(lib_a-init.o)
                0x08004b90                __libc_init_array
 .text.memcpy   0x08004bd8       0x16 c:/users/benoit/.p2/pool/plugins/fr.ac6.mcu.externaltools.arm-none.win32_1.15.0.201708311556/tools/compiler/bin/../lib/gcc/arm-none-eabi/6.3.1/../../../../arm-none-eabi/lib/thumb/v7e-m/fpv4-sp/hard\libc_nano.a(lib_a-memcpy-stub.o)
                0x08004bd8                memcpy
 *fill*         0x08004bee        0x2 
 .text.sprintf  0x08004bf0       0x48 c:/users/benoit/.p2/pool/plugins/fr.ac6.mcu.externaltools.arm-none.win32_1.15.0.201708311556/tools/compiler/bin/../lib/gcc/arm-none-eabi/6.3.1/../../../../arm-none-eabi/lib/thumb/v7e-m/fpv4-sp/hard\libc_nano.a(lib_a-sprintf.o)
                0x08004bf0                siprintf
                0x08004bf0                sprintf
 .text._strtol_l.isra.0
                0x08004c38      0x100 c:/users/benoit/.p2/pool/plugins/fr.ac6.mcu.externaltools.arm-none.win32_1.15.0.201708311556/tools/compiler/bin/../lib/gcc/arm-none-eabi/6.3.1/../../../../arm-none-eabi/lib/thumb/v7e-m/fpv4-sp/hard\libc_nano.a(lib_a-strtol.o)
 .text.strtol   0x08004d38       0x2c c:/users/benoit/.p2/pool/plugins/fr.ac6.mcu.externaltools.arm-none.win32_1.15.0.201708311556/tools/compiler/bin/../lib/gcc/arm-none-eabi/6.3.1/../../../../arm-none-eabi/lib/thumb/v7e-m/fpv4-sp/hard\libc_nano.a(lib_a-strtol.o)
                0x08004d38                strtol
 .text.__locale_ctype_ptr_l
                0x08004d64        0x6 c:/users/benoit/.p2/pool/plugins/fr.ac6.mcu.externaltools.arm-none.win32_1.15.0.201708311556/tools/compiler/bin/../lib/gcc/arm-none-eabi/6.3.1/../../../../arm-none-eabi/lib/thumb/v7e-m/fpv4-sp/hard\libc_nano.a(lib_a-locale.o)
                0x08004d64                __locale_ctype_ptr_l
 .text.__ascii_mbtowc
                0x08004d6a       0x24 c:/users/benoit/.p2/pool/plugins/fr.ac6.mcu.externaltools.arm-none.win32_1.15.0.201708311556/tools/compiler/bin/../lib/gcc/arm-none-eabi/6.3.1/../../../../arm-none-eabi/lib/thumb/v7e-m/fpv4-sp/hard\libc_nano.a(lib_a-mbtowc_r.o)
                0x08004d6a                __ascii_mbtowc
 .text.__ssputs_r
                0x08004d8e       0xb6 c:/users/benoit/.p2/pool/plugins/fr.ac6.mcu.externaltools.arm-none.win32_1.15.0.201708311556/tools/compiler/bin/../lib/gcc/arm-none-eabi/6.3.1/../../../../arm-none-eabi/lib/thumb/v7e-m/fpv4-sp/hard\libc_nano.a(lib_a-nano-svfprintf.o)
                0x08004d8e                __ssputs_r
 .text._svfprintf_r
                0x08004e44      0x1e8 c:/users/benoit/.p2/pool/plugins/fr.ac6.mcu.externaltools.arm-none.win32_1.15.0.201708311556/tools/compiler/bin/../lib/gcc/arm-none-eabi/6.3.1/../../../../arm-none-eabi/lib/thumb/v7e-m/fpv4-sp/hard\libc_nano.a(lib_a-nano-svfprintf.o)
                0x08004e44                _svfiprintf_r
                0x08004e44                _svfprintf_r
 .text._printf_common
                0x0800502c       0xec c:/users/benoit/.p2/pool/plugins/fr.ac6.mcu.externaltools.arm-none.win32_1.15.0.201708311556/tools/compiler/bin/../lib/gcc/arm-none-eabi/6.3.1/../../../../arm-none-eabi/lib/thumb/v7e-m/fpv4-sp/hard\libc_nano.a(lib_a-nano-vfprintf_i.o)
                0x0800502c                _printf_common
 .text._printf_i
                0x08005118      0x240 c:/users/benoit/.p2/pool/plugins/fr.ac6.mcu.externaltools.arm-none.win32_1.15.0.201708311556/tools/compiler/bin/../lib/gcc/arm-none-eabi/6.3.1/../../../../arm-none-eabi/lib/thumb/v7e-m/fpv4-sp/hard\libc_nano.a(lib_a-nano-vfprintf_i.o)
                0x08005118                _printf_i
 .text.__ascii_wctomb
                0x08005358       0x1a c:/users/benoit/.p2/pool/plugins/fr.ac6.mcu.externaltools.arm-none.win32_1.15.0.201708311556/tools/compiler/bin/../lib/gcc/arm-none-eabi/6.3.1/../../../../arm-none-eabi/lib/thumb/v7e-m/fpv4-sp/hard\libc_nano.a(lib_a-wctomb_r.o)
                0x08005358                __ascii_wctomb
 .text.memmove  0x08005372       0x34 c:/users/benoit/.p2/pool/plugins/fr.ac6.mcu.externaltools.arm-none.win32_1.15.0.201708311556/tools/compiler/bin/../lib/gcc/arm-none-eabi/6.3.1/../../../../arm-none-eabi/lib/thumb/v7e-m/fpv4-sp/hard\libc_nano.a(lib_a-memmove.o)
                0x08005372                memmove
 *fill*         0x080053a6        0x2 
 .text._free_r  0x080053a8       0x9c c:/users/benoit/.p2/pool/plugins/fr.ac6.mcu.externaltools.arm-none.win32_1.15.0.201708311556/tools/compiler/bin/../lib/gcc/arm-none-eabi/6.3.1/../../../../arm-none-eabi/lib/thumb/v7e-m/fpv4-sp/hard\libc_nano.a(lib_a-nano-freer.o)
                0x080053a8                _free_r
 .text._malloc_r
                0x08005444       0xbc c:/users/benoit/.p2/pool/plugins/fr.ac6.mcu.externaltools.arm-none.win32_1.15.0.201708311556/tools/compiler/bin/../lib/gcc/arm-none-eabi/6.3.1/../../../../arm-none-eabi/lib/thumb/v7e-m/fpv4-sp/hard\libc_nano.a(lib_a-nano-mallocr.o)
                0x08005444                _malloc_r
 .text._realloc_r
                0x08005500       0x4c c:/users/benoit/.p2/pool/plugins/fr.ac6.mcu.externaltools.arm-none.win32_1.15.0.201708311556/tools/compiler/bin/../lib/gcc/arm-none-eabi/6.3.1/../../../../arm-none-eabi/lib/thumb/v7e-m/fpv4-sp/hard\libc_nano.a(lib_a-nano-reallocr.o)
                0x08005500                _realloc_r
 .text._sbrk_r  0x0800554c       0x20 c:/users/benoit/.p2/pool/plugins/fr.ac6.mcu.externaltools.arm-none.win32_1.15.0.201708311556/tools/compiler/bin/../lib/gcc/arm-none-eabi/6.3.1/../../../../arm-none-eabi/lib/thumb/v7e-m/fpv4-sp/hard\libc_nano.a(lib_a-sbrkr.o)
                0x0800554c                _sbrk_r
 .text.__malloc_lock
                0x0800556c        0x2 c:/users/benoit/.p2/pool/plugins/fr.ac6.mcu.externaltools.arm-none.win32_1.15.0.201708311556/tools/compiler/bin/../lib/gcc/arm-none-eabi/6.3.1/../../../../arm-none-eabi/lib/thumb/v7e-m/fpv4-sp/hard\libc_nano.a(lib_a-mlock.o)
                0x0800556c                __malloc_lock
 .text.__malloc_unlock
                0x0800556e        0x2 c:/users/benoit/.p2/pool/plugins/fr.ac6.mcu.externaltools.arm-none.win32_1.15.0.201708311556/tools/compiler/bin/../lib/gcc/arm-none-eabi/6.3.1/../../../../arm-none-eabi/lib/thumb/v7e-m/fpv4-sp/hard\libc_nano.a(lib_a-mlock.o)
                0x0800556e                __malloc_unlock
 .text._malloc_usable_size_r
                0x08005570       0x12 c:/users/benoit/.p2/pool/plugins/fr.ac6.mcu.externaltools.arm-none.win32_1.15.0.201708311556/tools/compiler/bin/../lib/gcc/arm-none-eabi/6.3.1/../../../../arm-none-eabi/lib/thumb/v7e-m/fpv4-sp/hard\libc_nano.a(lib_a-nano-msizer.o)
                0x08005570                _malloc_usable_size_r
 *fill*         0x08005582        0x2 
 .text._sbrk    0x08005584       0x1c c:/users/benoit/.p2/pool/plugins/fr.ac6.mcu.externaltools.arm-none.win32_1.15.0.201708311556/tools/compiler/bin/../lib/gcc/arm-none-eabi/6.3.1/../../../../arm-none-eabi/lib/thumb/v7e-m/fpv4-sp/hard\libnosys.a(sbrk.o)
                0x08005584                _sbrk
 *(.glue_7)
 .glue_7        0x080055a0        0x0 linker stubs
 *(.glue_7t)
 .glue_7t       0x080055a0        0x0 linker stubs
 *(.eh_frame)
 .eh_frame      0x080055a0        0x0 c:/users/benoit/.p2/pool/plugins/fr.ac6.mcu.externaltools.arm-none.win32_1.15.0.201708311556/tools/compiler/bin/../lib/gcc/arm-none-eabi/6.3.1/thumb/v7e-m/fpv4-sp/hard/crtbegin.o
 *(.init)
 .init          0x080055a0        0x4 c:/users/benoit/.p2/pool/plugins/fr.ac6.mcu.externaltools.arm-none.win32_1.15.0.201708311556/tools/compiler/bin/../lib/gcc/arm-none-eabi/6.3.1/thumb/v7e-m/fpv4-sp/hard/crti.o
                0x080055a0                _init
 .init          0x080055a4        0x8 c:/users/benoit/.p2/pool/plugins/fr.ac6.mcu.externaltools.arm-none.win32_1.15.0.201708311556/tools/compiler/bin/../lib/gcc/arm-none-eabi/6.3.1/thumb/v7e-m/fpv4-sp/hard/crtn.o
 *(.fini)
 .fini          0x080055ac        0x4 c:/users/benoit/.p2/pool/plugins/fr.ac6.mcu.externaltools.arm-none.win32_1.15.0.201708311556/tools/compiler/bin/../lib/gcc/arm-none-eabi/6.3.1/thumb/v7e-m/fpv4-sp/hard/crti.o
                0x080055ac                _fini
 .fini          0x080055b0        0x8 c:/users/benoit/.p2/pool/plugins/fr.ac6.mcu.externaltools.arm-none.win32_1.15.0.201708311556/tools/compiler/bin/../lib/gcc/arm-none-eabi/6.3.1/thumb/v7e-m/fpv4-sp/hard/crtn.o
                0x080055b8                . = ALIGN (0x4)
                0x080055b8                _etext = .

.vfp11_veneer   0x080055b8        0x0
 .vfp11_veneer  0x080055b8        0x0 linker stubs

.v4_bx          0x080055b8        0x0
 .v4_bx         0x080055b8        0x0 linker stubs

.iplt           0x080055b8        0x0
 .iplt          0x080055b8        0x0 c:/users/benoit/.p2/pool/plugins/fr.ac6.mcu.externaltools.arm-none.win32_1.15.0.201708311556/tools/compiler/bin/../lib/gcc/arm-none-eabi/6.3.1/thumb/v7e-m/fpv4-sp/hard/crtbegin.o

.rodata         0x080055b8      0x684
                0x080055b8                . = ALIGN (0x4)
 *(.rodata)
 .rodata        0x080055b8       0x60 Src/main.o
 .rodata        0x08005618       0x18 Src/system_stm32f4xx.o
                0x08005618                AHBPrescTable
                0x08005628                APBPrescTable
 *(.rodata*)
 .rodata.str1.4
                0x08005630        0x5 Middlewares/Third_Party/FreeRTOS/Source/tasks.o
 *fill*         0x08005635        0x3 
 .rodata.str1.4
                0x08005638      0x480 Src/UARTmenu.o
                                0x488 (size before relaxing)
 .rodata.str1.4
                0x08005ab8       0x44 Src/main.o
                                 0x42 (size before relaxing)
 .rodata._setlocale_r.str1.1
                0x08005afc        0x8 c:/users/benoit/.p2/pool/plugins/fr.ac6.mcu.externaltools.arm-none.win32_1.15.0.201708311556/tools/compiler/bin/../lib/gcc/arm-none-eabi/6.3.1/../../../../arm-none-eabi/lib/thumb/v7e-m/fpv4-sp/hard\libc_nano.a(lib_a-locale.o)
                                  0x9 (size before relaxing)
 .rodata.str1.1
                0x08005b04        0x2 c:/users/benoit/.p2/pool/plugins/fr.ac6.mcu.externaltools.arm-none.win32_1.15.0.201708311556/tools/compiler/bin/../lib/gcc/arm-none-eabi/6.3.1/../../../../arm-none-eabi/lib/thumb/v7e-m/fpv4-sp/hard\libc_nano.a(lib_a-locale.o)
 .rodata._svfprintf_r.str1.1
                0x08005b06       0x11 c:/users/benoit/.p2/pool/plugins/fr.ac6.mcu.externaltools.arm-none.win32_1.15.0.201708311556/tools/compiler/bin/../lib/gcc/arm-none-eabi/6.3.1/../../../../arm-none-eabi/lib/thumb/v7e-m/fpv4-sp/hard\libc_nano.a(lib_a-nano-svfprintf.o)
 .rodata._printf_i.str1.1
                0x08005b17       0x22 c:/users/benoit/.p2/pool/plugins/fr.ac6.mcu.externaltools.arm-none.win32_1.15.0.201708311556/tools/compiler/bin/../lib/gcc/arm-none-eabi/6.3.1/../../../../arm-none-eabi/lib/thumb/v7e-m/fpv4-sp/hard\libc_nano.a(lib_a-nano-vfprintf_i.o)
 .rodata._ctype_
                0x08005b39      0x101 c:/users/benoit/.p2/pool/plugins/fr.ac6.mcu.externaltools.arm-none.win32_1.15.0.201708311556/tools/compiler/bin/../lib/gcc/arm-none-eabi/6.3.1/../../../../arm-none-eabi/lib/thumb/v7e-m/fpv4-sp/hard\libc_nano.a(lib_a-ctype_.o)
                0x08005b39                _ctype_
                0x08005c3c                . = ALIGN (0x4)
 *fill*         0x08005c3a        0x2 

.rel.dyn        0x08005c3c        0x0
 .rel.iplt      0x08005c3c        0x0 c:/users/benoit/.p2/pool/plugins/fr.ac6.mcu.externaltools.arm-none.win32_1.15.0.201708311556/tools/compiler/bin/../lib/gcc/arm-none-eabi/6.3.1/thumb/v7e-m/fpv4-sp/hard/crtbegin.o

.ARM.extab
 *(.ARM.extab* .gnu.linkonce.armextab.*)

.ARM            0x08005c3c        0x0
                0x08005c3c                __exidx_start = .
 *(.ARM.exidx*)
                0x08005c3c                __exidx_end = .

.preinit_array  0x08005c3c        0x0
                0x08005c3c                PROVIDE (__preinit_array_start, .)
 *(.preinit_array*)
                0x08005c3c                PROVIDE (__preinit_array_end, .)

.init_array     0x08005c3c        0x4
                0x08005c3c                PROVIDE (__init_array_start, .)
 *(SORT(.init_array.*))
 *(.init_array*)
 .init_array    0x08005c3c        0x4 c:/users/benoit/.p2/pool/plugins/fr.ac6.mcu.externaltools.arm-none.win32_1.15.0.201708311556/tools/compiler/bin/../lib/gcc/arm-none-eabi/6.3.1/thumb/v7e-m/fpv4-sp/hard/crtbegin.o
                0x08005c40                PROVIDE (__init_array_end, .)

.fini_array     0x08005c40        0x4
                [!provide]                PROVIDE (__fini_array_start, .)
 *(SORT(.fini_array.*))
 *(.fini_array*)
 .fini_array    0x08005c40        0x4 c:/users/benoit/.p2/pool/plugins/fr.ac6.mcu.externaltools.arm-none.win32_1.15.0.201708311556/tools/compiler/bin/../lib/gcc/arm-none-eabi/6.3.1/thumb/v7e-m/fpv4-sp/hard/crtbegin.o
                [!provide]                PROVIDE (__fini_array_end, .)
                0x08005c44                _sidata = LOADADDR (.data)

.data           0x20000000      0x23c load address 0x08005c44
                0x20000000                . = ALIGN (0x4)
                0x20000000                _sdata = .
 *(.data)
 .data          0x20000000        0x4 Middlewares/Third_Party/FreeRTOS/Source/portable/GCC/ARM_CM4F/port.o
 .data          0x20000004       0x64 Src/UARTmenu.o
                0x20000004                TX_Buffer
 .data          0x20000068        0x4 Src/system_stm32f4xx.o
                0x20000068                SystemCoreClock
 *(.data*)
 .data._impure_ptr
                0x2000006c        0x4 c:/users/benoit/.p2/pool/plugins/fr.ac6.mcu.externaltools.arm-none.win32_1.15.0.201708311556/tools/compiler/bin/../lib/gcc/arm-none-eabi/6.3.1/../../../../arm-none-eabi/lib/thumb/v7e-m/fpv4-sp/hard\libc_nano.a(lib_a-impure.o)
                0x2000006c                _impure_ptr
 .data.impure_data
                0x20000070       0x60 c:/users/benoit/.p2/pool/plugins/fr.ac6.mcu.externaltools.arm-none.win32_1.15.0.201708311556/tools/compiler/bin/../lib/gcc/arm-none-eabi/6.3.1/../../../../arm-none-eabi/lib/thumb/v7e-m/fpv4-sp/hard\libc_nano.a(lib_a-impure.o)
 .data.__global_locale
                0x200000d0      0x16c c:/users/benoit/.p2/pool/plugins/fr.ac6.mcu.externaltools.arm-none.win32_1.15.0.201708311556/tools/compiler/bin/../lib/gcc/arm-none-eabi/6.3.1/../../../../arm-none-eabi/lib/thumb/v7e-m/fpv4-sp/hard\libc_nano.a(lib_a-locale.o)
                0x200000d0                __global_locale
                0x2000023c                . = ALIGN (0x4)
                0x2000023c                _edata = .

.jcr            0x2000023c        0x0 load address 0x08005e80
 .jcr           0x2000023c        0x0 c:/users/benoit/.p2/pool/plugins/fr.ac6.mcu.externaltools.arm-none.win32_1.15.0.201708311556/tools/compiler/bin/../lib/gcc/arm-none-eabi/6.3.1/thumb/v7e-m/fpv4-sp/hard/crtbegin.o

.igot.plt       0x2000023c        0x0 load address 0x08005e80
 .igot.plt      0x2000023c        0x0 c:/users/benoit/.p2/pool/plugins/fr.ac6.mcu.externaltools.arm-none.win32_1.15.0.201708311556/tools/compiler/bin/../lib/gcc/arm-none-eabi/6.3.1/thumb/v7e-m/fpv4-sp/hard/crtbegin.o
                0x2000023c                . = ALIGN (0x4)

.bss            0x2000023c     0x3fa8 load address 0x08005e80
                0x2000023c                _sbss = .
                0x2000023c                __bss_start__ = _sbss
 *(.bss)
 .bss           0x2000023c       0x1c c:/users/benoit/.p2/pool/plugins/fr.ac6.mcu.externaltools.arm-none.win32_1.15.0.201708311556/tools/compiler/bin/../lib/gcc/arm-none-eabi/6.3.1/thumb/v7e-m/fpv4-sp/hard/crtbegin.o
 .bss           0x20000258      0x12c Middlewares/Third_Party/FreeRTOS/Source/tasks.o
                0x20000358                pxCurrentTCB
 .bss           0x20000384        0x8 Middlewares/Third_Party/FreeRTOS/Source/portable/GCC/ARM_CM4F/port.o
 .bss           0x2000038c     0x3c18 Middlewares/Third_Party/FreeRTOS/Source/portable/MemMang/heap_4.o
 .bss           0x20003fa4        0x4 Src/main.o
                0x20003fa4                manual_mode
 *(.bss*)
 .bss.__malloc_free_list
                0x20003fa8        0x4 c:/users/benoit/.p2/pool/plugins/fr.ac6.mcu.externaltools.arm-none.win32_1.15.0.201708311556/tools/compiler/bin/../lib/gcc/arm-none-eabi/6.3.1/../../../../arm-none-eabi/lib/thumb/v7e-m/fpv4-sp/hard\libc_nano.a(lib_a-nano-mallocr.o)
                0x20003fa8                __malloc_free_list
 .bss.__malloc_sbrk_start
                0x20003fac        0x4 c:/users/benoit/.p2/pool/plugins/fr.ac6.mcu.externaltools.arm-none.win32_1.15.0.201708311556/tools/compiler/bin/../lib/gcc/arm-none-eabi/6.3.1/../../../../arm-none-eabi/lib/thumb/v7e-m/fpv4-sp/hard\libc_nano.a(lib_a-nano-mallocr.o)
                0x20003fac                __malloc_sbrk_start
 .bss.heap_end.5239
                0x20003fb0        0x4 c:/users/benoit/.p2/pool/plugins/fr.ac6.mcu.externaltools.arm-none.win32_1.15.0.201708311556/tools/compiler/bin/../lib/gcc/arm-none-eabi/6.3.1/../../../../arm-none-eabi/lib/thumb/v7e-m/fpv4-sp/hard\libnosys.a(sbrk.o)
 *(COMMON)
 COMMON         0x20003fb4        0x4 Drivers/STM32F4xx_HAL_Driver/Src/stm32f4xx_hal.o
                0x20003fb4                uwTick
 COMMON         0x20003fb8       0x64 Src/UARTmenu.o
                0x20003fb8                RX_Buffer
 COMMON         0x2000401c      0x1c4 Src/main.o
                0x2000401c                hi2c1
                0x20004070                hi2c2
                0x200040c4                htim5
                0x20004100                task_ControlHandle
                0x20004104                Queue_PropulsionHandle
                0x20004108                task_LEDHandle
                0x2000410c                hadc1
                0x20004154                task_UARTHandle
                0x20004158                queue_ISENSEHandle
                0x2000415c                queue_DirectionHandle
                0x20004160                htim2
                0x2000419c                huart2
                0x200041dc                task_I2CHandle
 COMMON         0x200041e0        0x4 c:/users/benoit/.p2/pool/plugins/fr.ac6.mcu.externaltools.arm-none.win32_1.15.0.201708311556/tools/compiler/bin/../lib/gcc/arm-none-eabi/6.3.1/../../../../arm-none-eabi/lib/thumb/v7e-m/fpv4-sp/hard\libc_nano.a(lib_a-reent.o)
                0x200041e0                errno
                0x200041e4                . = ALIGN (0x4)
                0x200041e4                _ebss = .
                0x200041e4                __bss_end__ = _ebss

._user_heap_stack
                0x200041e4      0x604 load address 0x08005e80
                0x200041e8                . = ALIGN (0x8)
 *fill*         0x200041e4        0x4 
                0x200041e8                PROVIDE (end, .)
                [!provide]                PROVIDE (_end, .)
                0x200043e8                . = (. + _Min_Heap_Size)
 *fill*         0x200041e8      0x200 
                0x200047e8                . = (. + _Min_Stack_Size)
 *fill*         0x200043e8      0x400 
                0x200047e8                . = ALIGN (0x8)

/DISCARD/
 libc.a(*)
 libm.a(*)
 libgcc.a(*)

.ARM.attributes
                0x00000000       0x30
 *(.ARM.attributes)
 .ARM.attributes
                0x00000000       0x22 c:/users/benoit/.p2/pool/plugins/fr.ac6.mcu.externaltools.arm-none.win32_1.15.0.201708311556/tools/compiler/bin/../lib/gcc/arm-none-eabi/6.3.1/thumb/v7e-m/fpv4-sp/hard/crti.o
 .ARM.attributes
                0x00000022       0x34 c:/users/benoit/.p2/pool/plugins/fr.ac6.mcu.externaltools.arm-none.win32_1.15.0.201708311556/tools/compiler/bin/../lib/gcc/arm-none-eabi/6.3.1/thumb/v7e-m/fpv4-sp/hard/crtbegin.o
 .ARM.attributes
                0x00000056       0x39 Drivers/STM32F4xx_HAL_Driver/Src/stm32f4xx_hal.o
 .ARM.attributes
                0x0000008f       0x39 Drivers/STM32F4xx_HAL_Driver/Src/stm32f4xx_hal_adc.o
 .ARM.attributes
                0x000000c8       0x39 Drivers/STM32F4xx_HAL_Driver/Src/stm32f4xx_hal_cortex.o
 .ARM.attributes
                0x00000101       0x39 Drivers/STM32F4xx_HAL_Driver/Src/stm32f4xx_hal_dma.o
 .ARM.attributes
                0x0000013a       0x39 Drivers/STM32F4xx_HAL_Driver/Src/stm32f4xx_hal_gpio.o
 .ARM.attributes
                0x00000173       0x39 Drivers/STM32F4xx_HAL_Driver/Src/stm32f4xx_hal_i2c.o
 .ARM.attributes
                0x000001ac       0x39 Drivers/STM32F4xx_HAL_Driver/Src/stm32f4xx_hal_rcc.o
 .ARM.attributes
                0x000001e5       0x39 Drivers/STM32F4xx_HAL_Driver/Src/stm32f4xx_hal_tim.o
 .ARM.attributes
                0x0000021e       0x39 Drivers/STM32F4xx_HAL_Driver/Src/stm32f4xx_hal_tim_ex.o
 .ARM.attributes
                0x00000257       0x39 Drivers/STM32F4xx_HAL_Driver/Src/stm32f4xx_hal_uart.o
 .ARM.attributes
                0x00000290       0x39 Middlewares/Third_Party/FreeRTOS/Source/CMSIS_RTOS/cmsis_os.o
 .ARM.attributes
                0x000002c9       0x39 Middlewares/Third_Party/FreeRTOS/Source/list.o
 .ARM.attributes
                0x00000302       0x39 Middlewares/Third_Party/FreeRTOS/Source/queue.o
 .ARM.attributes
                0x0000033b       0x39 Middlewares/Third_Party/FreeRTOS/Source/tasks.o
 .ARM.attributes
                0x00000374       0x39 Middlewares/Third_Party/FreeRTOS/Source/portable/GCC/ARM_CM4F/port.o
 .ARM.attributes
                0x000003ad       0x39 Middlewares/Third_Party/FreeRTOS/Source/portable/MemMang/heap_4.o
 .ARM.attributes
                0x000003e6       0x39 Src/UARTmenu.o
 .ARM.attributes
                0x0000041f       0x39 Src/main.o
 .ARM.attributes
                0x00000458       0x39 Src/stm32f4xx_hal_msp.o
 .ARM.attributes
                0x00000491       0x39 Src/stm32f4xx_it.o
 .ARM.attributes
                0x000004ca       0x39 Src/system_stm32f4xx.o
 .ARM.attributes
                0x00000503       0x21 startup/startup_stm32f411xe.o
 .ARM.attributes
                0x00000524       0x34 c:/users/benoit/.p2/pool/plugins/fr.ac6.mcu.externaltools.arm-none.win32_1.15.0.201708311556/tools/compiler/bin/../lib/gcc/arm-none-eabi/6.3.1/../../../../arm-none-eabi/lib/thumb/v7e-m/fpv4-sp/hard\libc_nano.a(lib_a-impure.o)
 .ARM.attributes
                0x00000558       0x34 c:/users/benoit/.p2/pool/plugins/fr.ac6.mcu.externaltools.arm-none.win32_1.15.0.201708311556/tools/compiler/bin/../lib/gcc/arm-none-eabi/6.3.1/../../../../arm-none-eabi/lib/thumb/v7e-m/fpv4-sp/hard\libc_nano.a(lib_a-init.o)
 .ARM.attributes
                0x0000058c       0x34 c:/users/benoit/.p2/pool/plugins/fr.ac6.mcu.externaltools.arm-none.win32_1.15.0.201708311556/tools/compiler/bin/../lib/gcc/arm-none-eabi/6.3.1/../../../../arm-none-eabi/lib/thumb/v7e-m/fpv4-sp/hard\libc_nano.a(lib_a-memcpy-stub.o)
 .ARM.attributes
                0x000005c0       0x34 c:/users/benoit/.p2/pool/plugins/fr.ac6.mcu.externaltools.arm-none.win32_1.15.0.201708311556/tools/compiler/bin/../lib/gcc/arm-none-eabi/6.3.1/../../../../arm-none-eabi/lib/thumb/v7e-m/fpv4-sp/hard\libc_nano.a(lib_a-sprintf.o)
 .ARM.attributes
                0x000005f4       0x20 c:/users/benoit/.p2/pool/plugins/fr.ac6.mcu.externaltools.arm-none.win32_1.15.0.201708311556/tools/compiler/bin/../lib/gcc/arm-none-eabi/6.3.1/../../../../arm-none-eabi/lib/thumb/v7e-m/fpv4-sp/hard\libc_nano.a(lib_a-strcmp.o)
 .ARM.attributes
                0x00000614       0x34 c:/users/benoit/.p2/pool/plugins/fr.ac6.mcu.externaltools.arm-none.win32_1.15.0.201708311556/tools/compiler/bin/../lib/gcc/arm-none-eabi/6.3.1/../../../../arm-none-eabi/lib/thumb/v7e-m/fpv4-sp/hard\libc_nano.a(lib_a-strtol.o)
 .ARM.attributes
                0x00000648       0x34 c:/users/benoit/.p2/pool/plugins/fr.ac6.mcu.externaltools.arm-none.win32_1.15.0.201708311556/tools/compiler/bin/../lib/gcc/arm-none-eabi/6.3.1/../../../../arm-none-eabi/lib/thumb/v7e-m/fpv4-sp/hard\libc_nano.a(lib_a-locale.o)
 .ARM.attributes
                0x0000067c       0x34 c:/users/benoit/.p2/pool/plugins/fr.ac6.mcu.externaltools.arm-none.win32_1.15.0.201708311556/tools/compiler/bin/../lib/gcc/arm-none-eabi/6.3.1/../../../../arm-none-eabi/lib/thumb/v7e-m/fpv4-sp/hard\libc_nano.a(lib_a-mbtowc_r.o)
 .ARM.attributes
                0x000006b0       0x34 c:/users/benoit/.p2/pool/plugins/fr.ac6.mcu.externaltools.arm-none.win32_1.15.0.201708311556/tools/compiler/bin/../lib/gcc/arm-none-eabi/6.3.1/../../../../arm-none-eabi/lib/thumb/v7e-m/fpv4-sp/hard\libc_nano.a(lib_a-nano-svfprintf.o)
 .ARM.attributes
                0x000006e4       0x34 c:/users/benoit/.p2/pool/plugins/fr.ac6.mcu.externaltools.arm-none.win32_1.15.0.201708311556/tools/compiler/bin/../lib/gcc/arm-none-eabi/6.3.1/../../../../arm-none-eabi/lib/thumb/v7e-m/fpv4-sp/hard\libc_nano.a(lib_a-nano-vfprintf_i.o)
 .ARM.attributes
                0x00000718       0x34 c:/users/benoit/.p2/pool/plugins/fr.ac6.mcu.externaltools.arm-none.win32_1.15.0.201708311556/tools/compiler/bin/../lib/gcc/arm-none-eabi/6.3.1/../../../../arm-none-eabi/lib/thumb/v7e-m/fpv4-sp/hard\libc_nano.a(lib_a-wctomb_r.o)
 .ARM.attributes
                0x0000074c       0x34 c:/users/benoit/.p2/pool/plugins/fr.ac6.mcu.externaltools.arm-none.win32_1.15.0.201708311556/tools/compiler/bin/../lib/gcc/arm-none-eabi/6.3.1/../../../../arm-none-eabi/lib/thumb/v7e-m/fpv4-sp/hard\libc_nano.a(lib_a-ctype_.o)
 .ARM.attributes
                0x00000780       0x20 c:/users/benoit/.p2/pool/plugins/fr.ac6.mcu.externaltools.arm-none.win32_1.15.0.201708311556/tools/compiler/bin/../lib/gcc/arm-none-eabi/6.3.1/../../../../arm-none-eabi/lib/thumb/v7e-m/fpv4-sp/hard\libc_nano.a(lib_a-memchr.o)
 .ARM.attributes
                0x000007a0       0x34 c:/users/benoit/.p2/pool/plugins/fr.ac6.mcu.externaltools.arm-none.win32_1.15.0.201708311556/tools/compiler/bin/../lib/gcc/arm-none-eabi/6.3.1/../../../../arm-none-eabi/lib/thumb/v7e-m/fpv4-sp/hard\libc_nano.a(lib_a-memmove.o)
 .ARM.attributes
                0x000007d4       0x34 c:/users/benoit/.p2/pool/plugins/fr.ac6.mcu.externaltools.arm-none.win32_1.15.0.201708311556/tools/compiler/bin/../lib/gcc/arm-none-eabi/6.3.1/../../../../arm-none-eabi/lib/thumb/v7e-m/fpv4-sp/hard\libc_nano.a(lib_a-nano-freer.o)
 .ARM.attributes
                0x00000808       0x34 c:/users/benoit/.p2/pool/plugins/fr.ac6.mcu.externaltools.arm-none.win32_1.15.0.201708311556/tools/compiler/bin/../lib/gcc/arm-none-eabi/6.3.1/../../../../arm-none-eabi/lib/thumb/v7e-m/fpv4-sp/hard\libc_nano.a(lib_a-nano-mallocr.o)
 .ARM.attributes
                0x0000083c       0x34 c:/users/benoit/.p2/pool/plugins/fr.ac6.mcu.externaltools.arm-none.win32_1.15.0.201708311556/tools/compiler/bin/../lib/gcc/arm-none-eabi/6.3.1/../../../../arm-none-eabi/lib/thumb/v7e-m/fpv4-sp/hard\libc_nano.a(lib_a-nano-reallocr.o)
 .ARM.attributes
                0x00000870       0x34 c:/users/benoit/.p2/pool/plugins/fr.ac6.mcu.externaltools.arm-none.win32_1.15.0.201708311556/tools/compiler/bin/../lib/gcc/arm-none-eabi/6.3.1/../../../../arm-none-eabi/lib/thumb/v7e-m/fpv4-sp/hard\libc_nano.a(lib_a-sbrkr.o)
 .ARM.attributes
                0x000008a4       0x34 c:/users/benoit/.p2/pool/plugins/fr.ac6.mcu.externaltools.arm-none.win32_1.15.0.201708311556/tools/compiler/bin/../lib/gcc/arm-none-eabi/6.3.1/../../../../arm-none-eabi/lib/thumb/v7e-m/fpv4-sp/hard\libc_nano.a(lib_a-mlock.o)
 .ARM.attributes
                0x000008d8       0x34 c:/users/benoit/.p2/pool/plugins/fr.ac6.mcu.externaltools.arm-none.win32_1.15.0.201708311556/tools/compiler/bin/../lib/gcc/arm-none-eabi/6.3.1/../../../../arm-none-eabi/lib/thumb/v7e-m/fpv4-sp/hard\libc_nano.a(lib_a-nano-msizer.o)
 .ARM.attributes
                0x0000090c       0x34 c:/users/benoit/.p2/pool/plugins/fr.ac6.mcu.externaltools.arm-none.win32_1.15.0.201708311556/tools/compiler/bin/../lib/gcc/arm-none-eabi/6.3.1/../../../../arm-none-eabi/lib/thumb/v7e-m/fpv4-sp/hard\libc_nano.a(lib_a-reent.o)
 .ARM.attributes
                0x00000940       0x34 c:/users/benoit/.p2/pool/plugins/fr.ac6.mcu.externaltools.arm-none.win32_1.15.0.201708311556/tools/compiler/bin/../lib/gcc/arm-none-eabi/6.3.1/../../../../arm-none-eabi/lib/thumb/v7e-m/fpv4-sp/hard\libnosys.a(sbrk.o)
 .ARM.attributes
                0x00000974       0x22 c:/users/benoit/.p2/pool/plugins/fr.ac6.mcu.externaltools.arm-none.win32_1.15.0.201708311556/tools/compiler/bin/../lib/gcc/arm-none-eabi/6.3.1/thumb/v7e-m/fpv4-sp/hard/crtn.o
OUTPUT(STM32_V2.0.3.elf elf32-littlearm)

.debug_info     0x00000000    0x223be
 .debug_info    0x00000000     0x1132 Drivers/STM32F4xx_HAL_Driver/Src/stm32f4xx_hal.o
 .debug_info    0x00001132     0x1625 Drivers/STM32F4xx_HAL_Driver/Src/stm32f4xx_hal_adc.o
 .debug_info    0x00002757     0x16ca Drivers/STM32F4xx_HAL_Driver/Src/stm32f4xx_hal_cortex.o
 .debug_info    0x00003e21     0x1274 Drivers/STM32F4xx_HAL_Driver/Src/stm32f4xx_hal_dma.o
 .debug_info    0x00005095      0xfc0 Drivers/STM32F4xx_HAL_Driver/Src/stm32f4xx_hal_gpio.o
 .debug_info    0x00006055     0x36e7 Drivers/STM32F4xx_HAL_Driver/Src/stm32f4xx_hal_i2c.o
 .debug_info    0x0000973c     0x152a Drivers/STM32F4xx_HAL_Driver/Src/stm32f4xx_hal_rcc.o
 .debug_info    0x0000ac66     0x367d Drivers/STM32F4xx_HAL_Driver/Src/stm32f4xx_hal_tim.o
 .debug_info    0x0000e2e3     0x1b1e Drivers/STM32F4xx_HAL_Driver/Src/stm32f4xx_hal_tim_ex.o
 .debug_info    0x0000fe01     0x1f15 Drivers/STM32F4xx_HAL_Driver/Src/stm32f4xx_hal_uart.o
 .debug_info    0x00011d16     0x2321 Middlewares/Third_Party/FreeRTOS/Source/CMSIS_RTOS/cmsis_os.o
 .debug_info    0x00014037      0xad4 Middlewares/Third_Party/FreeRTOS/Source/list.o
 .debug_info    0x00014b0b     0x1f96 Middlewares/Third_Party/FreeRTOS/Source/queue.o
 .debug_info    0x00016aa1     0x2922 Middlewares/Third_Party/FreeRTOS/Source/tasks.o
 .debug_info    0x000193c3      0x534 Middlewares/Third_Party/FreeRTOS/Source/portable/GCC/ARM_CM4F/port.o
 .debug_info    0x000198f7      0xc78 Middlewares/Third_Party/FreeRTOS/Source/portable/MemMang/heap_4.o
 .debug_info    0x0001a56f     0x16e4 Src/UARTmenu.o
 .debug_info    0x0001bc53     0x2c24 Src/main.o
 .debug_info    0x0001e877     0x1e18 Src/stm32f4xx_hal_msp.o
 .debug_info    0x0002068f      0xf3a Src/stm32f4xx_it.o
 .debug_info    0x000215c9      0xd5a Src/system_stm32f4xx.o
 .debug_info    0x00022323       0x9b startup/startup_stm32f411xe.o

.debug_abbrev   0x00000000     0x3ebf
 .debug_abbrev  0x00000000      0x347 Drivers/STM32F4xx_HAL_Driver/Src/stm32f4xx_hal.o
 .debug_abbrev  0x00000347      0x320 Drivers/STM32F4xx_HAL_Driver/Src/stm32f4xx_hal_adc.o
 .debug_abbrev  0x00000667      0x3d4 Drivers/STM32F4xx_HAL_Driver/Src/stm32f4xx_hal_cortex.o
 .debug_abbrev  0x00000a3b      0x319 Drivers/STM32F4xx_HAL_Driver/Src/stm32f4xx_hal_dma.o
 .debug_abbrev  0x00000d54      0x2a5 Drivers/STM32F4xx_HAL_Driver/Src/stm32f4xx_hal_gpio.o
 .debug_abbrev  0x00000ff9      0x2f9 Drivers/STM32F4xx_HAL_Driver/Src/stm32f4xx_hal_i2c.o
 .debug_abbrev  0x000012f2      0x370 Drivers/STM32F4xx_HAL_Driver/Src/stm32f4xx_hal_rcc.o
 .debug_abbrev  0x00001662      0x2dc Drivers/STM32F4xx_HAL_Driver/Src/stm32f4xx_hal_tim.o
 .debug_abbrev  0x0000193e      0x2dc Drivers/STM32F4xx_HAL_Driver/Src/stm32f4xx_hal_tim_ex.o
 .debug_abbrev  0x00001c1a      0x342 Drivers/STM32F4xx_HAL_Driver/Src/stm32f4xx_hal_uart.o
 .debug_abbrev  0x00001f5c      0x3d0 Middlewares/Third_Party/FreeRTOS/Source/CMSIS_RTOS/cmsis_os.o
 .debug_abbrev  0x0000232c      0x21c Middlewares/Third_Party/FreeRTOS/Source/list.o
 .debug_abbrev  0x00002548      0x37f Middlewares/Third_Party/FreeRTOS/Source/queue.o
 .debug_abbrev  0x000028c7      0x3cd Middlewares/Third_Party/FreeRTOS/Source/tasks.o
 .debug_abbrev  0x00002c94      0x205 Middlewares/Third_Party/FreeRTOS/Source/portable/GCC/ARM_CM4F/port.o
 .debug_abbrev  0x00002e99      0x318 Middlewares/Third_Party/FreeRTOS/Source/portable/MemMang/heap_4.o
 .debug_abbrev  0x000031b1      0x2c4 Src/UARTmenu.o
 .debug_abbrev  0x00003475      0x354 Src/main.o
 .debug_abbrev  0x000037c9      0x2c0 Src/stm32f4xx_hal_msp.o
 .debug_abbrev  0x00003a89      0x21f Src/stm32f4xx_it.o
 .debug_abbrev  0x00003ca8      0x205 Src/system_stm32f4xx.o
 .debug_abbrev  0x00003ead       0x12 startup/startup_stm32f411xe.o

.debug_loc      0x00000000     0xecb5
 .debug_loc     0x00000000       0x91 Drivers/STM32F4xx_HAL_Driver/Src/stm32f4xx_hal.o
 .debug_loc     0x00000091      0x974 Drivers/STM32F4xx_HAL_Driver/Src/stm32f4xx_hal_adc.o
 .debug_loc     0x00000a05      0x5ce Drivers/STM32F4xx_HAL_Driver/Src/stm32f4xx_hal_cortex.o
 .debug_loc     0x00000fd3      0xafd Drivers/STM32F4xx_HAL_Driver/Src/stm32f4xx_hal_dma.o
 .debug_loc     0x00001ad0      0x430 Drivers/STM32F4xx_HAL_Driver/Src/stm32f4xx_hal_gpio.o
 .debug_loc     0x00001f00     0x31a5 Drivers/STM32F4xx_HAL_Driver/Src/stm32f4xx_hal_i2c.o
 .debug_loc     0x000050a5      0x53b Drivers/STM32F4xx_HAL_Driver/Src/stm32f4xx_hal_rcc.o
 .debug_loc     0x000055e0     0x34bc Drivers/STM32F4xx_HAL_Driver/Src/stm32f4xx_hal_tim.o
 .debug_loc     0x00008a9c      0xe78 Drivers/STM32F4xx_HAL_Driver/Src/stm32f4xx_hal_tim_ex.o
 .debug_loc     0x00009914     0x1532 Drivers/STM32F4xx_HAL_Driver/Src/stm32f4xx_hal_uart.o
 .debug_loc     0x0000ae46      0xfe2 Middlewares/Third_Party/FreeRTOS/Source/CMSIS_RTOS/cmsis_os.o
 .debug_loc     0x0000be28       0x70 Middlewares/Third_Party/FreeRTOS/Source/list.o
 .debug_loc     0x0000be98      0xe4e Middlewares/Third_Party/FreeRTOS/Source/queue.o
 .debug_loc     0x0000cce6     0x14e6 Middlewares/Third_Party/FreeRTOS/Source/tasks.o
 .debug_loc     0x0000e1cc      0x104 Middlewares/Third_Party/FreeRTOS/Source/portable/GCC/ARM_CM4F/port.o
 .debug_loc     0x0000e2d0      0x291 Middlewares/Third_Party/FreeRTOS/Source/portable/MemMang/heap_4.o
 .debug_loc     0x0000e561      0x2ef Src/UARTmenu.o
 .debug_loc     0x0000e850      0x178 Src/main.o
 .debug_loc     0x0000e9c8      0x1af Src/stm32f4xx_hal_msp.o
 .debug_loc     0x0000eb77      0x13e Src/system_stm32f4xx.o

.debug_aranges  0x00000000     0x1408
 .debug_aranges
                0x00000000       0xc8 Drivers/STM32F4xx_HAL_Driver/Src/stm32f4xx_hal.o
 .debug_aranges
                0x000000c8       0xe8 Drivers/STM32F4xx_HAL_Driver/Src/stm32f4xx_hal_adc.o
 .debug_aranges
                0x000001b0       0xa8 Drivers/STM32F4xx_HAL_Driver/Src/stm32f4xx_hal_cortex.o
 .debug_aranges
                0x00000258       0x90 Drivers/STM32F4xx_HAL_Driver/Src/stm32f4xx_hal_dma.o
 .debug_aranges
                0x000002e8       0x58 Drivers/STM32F4xx_HAL_Driver/Src/stm32f4xx_hal_gpio.o
 .debug_aranges
                0x00000340      0x268 Drivers/STM32F4xx_HAL_Driver/Src/stm32f4xx_hal_i2c.o
 .debug_aranges
                0x000005a8       0x88 Drivers/STM32F4xx_HAL_Driver/Src/stm32f4xx_hal_rcc.o
 .debug_aranges
                0x00000630      0x368 Drivers/STM32F4xx_HAL_Driver/Src/stm32f4xx_hal_tim.o
 .debug_aranges
                0x00000998      0x140 Drivers/STM32F4xx_HAL_Driver/Src/stm32f4xx_hal_tim_ex.o
 .debug_aranges
                0x00000ad8      0x1d0 Drivers/STM32F4xx_HAL_Driver/Src/stm32f4xx_hal_uart.o
 .debug_aranges
                0x00000ca8      0x1d8 Middlewares/Third_Party/FreeRTOS/Source/CMSIS_RTOS/cmsis_os.o
 .debug_aranges
                0x00000e80       0x40 Middlewares/Third_Party/FreeRTOS/Source/list.o
 .debug_aranges
                0x00000ec0       0xe0 Middlewares/Third_Party/FreeRTOS/Source/queue.o
 .debug_aranges
                0x00000fa0      0x190 Middlewares/Third_Party/FreeRTOS/Source/tasks.o
 .debug_aranges
                0x00001130       0x80 Middlewares/Third_Party/FreeRTOS/Source/portable/GCC/ARM_CM4F/port.o
 .debug_aranges
                0x000011b0       0x50 Middlewares/Third_Party/FreeRTOS/Source/portable/MemMang/heap_4.o
 .debug_aranges
                0x00001200       0x58 Src/UARTmenu.o
 .debug_aranges
                0x00001258       0x98 Src/main.o
 .debug_aranges
                0x000012f0       0x68 Src/stm32f4xx_hal_msp.o
 .debug_aranges
                0x00001358       0x60 Src/stm32f4xx_it.o
 .debug_aranges
                0x000013b8       0x28 Src/system_stm32f4xx.o
 .debug_aranges
                0x000013e0       0x28 startup/startup_stm32f411xe.o

.debug_ranges   0x00000000     0x1460
 .debug_ranges  0x00000000       0xb8 Drivers/STM32F4xx_HAL_Driver/Src/stm32f4xx_hal.o
 .debug_ranges  0x000000b8       0xd8 Drivers/STM32F4xx_HAL_Driver/Src/stm32f4xx_hal_adc.o
 .debug_ranges  0x00000190       0xf8 Drivers/STM32F4xx_HAL_Driver/Src/stm32f4xx_hal_cortex.o
 .debug_ranges  0x00000288       0x80 Drivers/STM32F4xx_HAL_Driver/Src/stm32f4xx_hal_dma.o
 .debug_ranges  0x00000308       0x48 Drivers/STM32F4xx_HAL_Driver/Src/stm32f4xx_hal_gpio.o
 .debug_ranges  0x00000350      0x258 Drivers/STM32F4xx_HAL_Driver/Src/stm32f4xx_hal_i2c.o
 .debug_ranges  0x000005a8       0x78 Drivers/STM32F4xx_HAL_Driver/Src/stm32f4xx_hal_rcc.o
 .debug_ranges  0x00000620      0x358 Drivers/STM32F4xx_HAL_Driver/Src/stm32f4xx_hal_tim.o
 .debug_ranges  0x00000978      0x130 Drivers/STM32F4xx_HAL_Driver/Src/stm32f4xx_hal_tim_ex.o
 .debug_ranges  0x00000aa8      0x1c0 Drivers/STM32F4xx_HAL_Driver/Src/stm32f4xx_hal_uart.o
 .debug_ranges  0x00000c68      0x1c8 Middlewares/Third_Party/FreeRTOS/Source/CMSIS_RTOS/cmsis_os.o
 .debug_ranges  0x00000e30       0x30 Middlewares/Third_Party/FreeRTOS/Source/list.o
 .debug_ranges  0x00000e60      0x180 Middlewares/Third_Party/FreeRTOS/Source/queue.o
 .debug_ranges  0x00000fe0      0x208 Middlewares/Third_Party/FreeRTOS/Source/tasks.o
 .debug_ranges  0x000011e8       0x88 Middlewares/Third_Party/FreeRTOS/Source/portable/GCC/ARM_CM4F/port.o
 .debug_ranges  0x00001270       0x40 Middlewares/Third_Party/FreeRTOS/Source/portable/MemMang/heap_4.o
 .debug_ranges  0x000012b0       0x48 Src/UARTmenu.o
 .debug_ranges  0x000012f8       0x88 Src/main.o
 .debug_ranges  0x00001380       0x58 Src/stm32f4xx_hal_msp.o
 .debug_ranges  0x000013d8       0x50 Src/stm32f4xx_it.o
 .debug_ranges  0x00001428       0x18 Src/system_stm32f4xx.o
 .debug_ranges  0x00001440       0x20 startup/startup_stm32f411xe.o

.debug_macro    0x00000000    0x19844
 .debug_macro   0x00000000      0x3ab Drivers/STM32F4xx_HAL_Driver/Src/stm32f4xx_hal.o
 .debug_macro   0x000003ab      0x8bc Drivers/STM32F4xx_HAL_Driver/Src/stm32f4xx_hal.o
 .debug_macro   0x00000c67       0x10 Drivers/STM32F4xx_HAL_Driver/Src/stm32f4xx_hal.o
 .debug_macro   0x00000c77      0x18c Drivers/STM32F4xx_HAL_Driver/Src/stm32f4xx_hal.o
 .debug_macro   0x00000e03       0x33 Drivers/STM32F4xx_HAL_Driver/Src/stm32f4xx_hal.o
 .debug_macro   0x00000e36       0x28 Drivers/STM32F4xx_HAL_Driver/Src/stm32f4xx_hal.o
 .debug_macro   0x00000e5e       0x22 Drivers/STM32F4xx_HAL_Driver/Src/stm32f4xx_hal.o
 .debug_macro   0x00000e80       0x87 Drivers/STM32F4xx_HAL_Driver/Src/stm32f4xx_hal.o
 .debug_macro   0x00000f07       0x51 Drivers/STM32F4xx_HAL_Driver/Src/stm32f4xx_hal.o
 .debug_macro   0x00000f58       0xef Drivers/STM32F4xx_HAL_Driver/Src/stm32f4xx_hal.o
 .debug_macro   0x00001047       0x6a Drivers/STM32F4xx_HAL_Driver/Src/stm32f4xx_hal.o
 .debug_macro   0x000010b1      0x1df Drivers/STM32F4xx_HAL_Driver/Src/stm32f4xx_hal.o
 .debug_macro   0x00001290       0x35 Drivers/STM32F4xx_HAL_Driver/Src/stm32f4xx_hal.o
 .debug_macro   0x000012c5       0x50 Drivers/STM32F4xx_HAL_Driver/Src/stm32f4xx_hal.o
 .debug_macro   0x00001315      0xe66 Drivers/STM32F4xx_HAL_Driver/Src/stm32f4xx_hal.o
 .debug_macro   0x0000217b     0xb906 Drivers/STM32F4xx_HAL_Driver/Src/stm32f4xx_hal.o
 .debug_macro   0x0000da81       0x43 Drivers/STM32F4xx_HAL_Driver/Src/stm32f4xx_hal.o
 .debug_macro   0x0000dac4     0x3574 Drivers/STM32F4xx_HAL_Driver/Src/stm32f4xx_hal.o
 .debug_macro   0x00011038       0x58 Drivers/STM32F4xx_HAL_Driver/Src/stm32f4xx_hal.o
 .debug_macro   0x00011090       0x35 Drivers/STM32F4xx_HAL_Driver/Src/stm32f4xx_hal.o
 .debug_macro   0x000110c5       0x9c Drivers/STM32F4xx_HAL_Driver/Src/stm32f4xx_hal.o
 .debug_macro   0x00011161       0x16 Drivers/STM32F4xx_HAL_Driver/Src/stm32f4xx_hal.o
 .debug_macro   0x00011177       0x97 Drivers/STM32F4xx_HAL_Driver/Src/stm32f4xx_hal.o
 .debug_macro   0x0001120e      0x330 Drivers/STM32F4xx_HAL_Driver/Src/stm32f4xx_hal.o
 .debug_macro   0x0001153e       0xfd Drivers/STM32F4xx_HAL_Driver/Src/stm32f4xx_hal.o
 .debug_macro   0x0001163b       0x10 Drivers/STM32F4xx_HAL_Driver/Src/stm32f4xx_hal.o
 .debug_macro   0x0001164b       0x58 Drivers/STM32F4xx_HAL_Driver/Src/stm32f4xx_hal.o
 .debug_macro   0x000116a3       0x1f Drivers/STM32F4xx_HAL_Driver/Src/stm32f4xx_hal.o
 .debug_macro   0x000116c2       0x43 Drivers/STM32F4xx_HAL_Driver/Src/stm32f4xx_hal.o
 .debug_macro   0x00011705       0x20 Drivers/STM32F4xx_HAL_Driver/Src/stm32f4xx_hal.o
 .debug_macro   0x00011725      0x187 Drivers/STM32F4xx_HAL_Driver/Src/stm32f4xx_hal.o
 .debug_macro   0x000118ac       0x10 Drivers/STM32F4xx_HAL_Driver/Src/stm32f4xx_hal.o
 .debug_macro   0x000118bc       0x1c Drivers/STM32F4xx_HAL_Driver/Src/stm32f4xx_hal.o
 .debug_macro   0x000118d8       0x52 Drivers/STM32F4xx_HAL_Driver/Src/stm32f4xx_hal.o
 .debug_macro   0x0001192a       0x40 Drivers/STM32F4xx_HAL_Driver/Src/stm32f4xx_hal.o
 .debug_macro   0x0001196a       0x10 Drivers/STM32F4xx_HAL_Driver/Src/stm32f4xx_hal.o
 .debug_macro   0x0001197a       0x40 Drivers/STM32F4xx_HAL_Driver/Src/stm32f4xx_hal.o
 .debug_macro   0x000119ba       0xd7 Drivers/STM32F4xx_HAL_Driver/Src/stm32f4xx_hal.o
 .debug_macro   0x00011a91       0x16 Drivers/STM32F4xx_HAL_Driver/Src/stm32f4xx_hal.o
 .debug_macro   0x00011aa7      0x18b Drivers/STM32F4xx_HAL_Driver/Src/stm32f4xx_hal.o
 .debug_macro   0x00011c32       0x50 Drivers/STM32F4xx_HAL_Driver/Src/stm32f4xx_hal.o
 .debug_macro   0x00011c82      0x447 Drivers/STM32F4xx_HAL_Driver/Src/stm32f4xx_hal.o
 .debug_macro   0x000120c9      0x9e1 Drivers/STM32F4xx_HAL_Driver/Src/stm32f4xx_hal.o
 .debug_macro   0x00012aaa      0x11e Drivers/STM32F4xx_HAL_Driver/Src/stm32f4xx_hal.o
 .debug_macro   0x00012bc8      0x11b Drivers/STM32F4xx_HAL_Driver/Src/stm32f4xx_hal.o
 .debug_macro   0x00012ce3       0x27 Drivers/STM32F4xx_HAL_Driver/Src/stm32f4xx_hal.o
 .debug_macro   0x00012d0a      0x287 Drivers/STM32F4xx_HAL_Driver/Src/stm32f4xx_hal.o
 .debug_macro   0x00012f91       0x5f Drivers/STM32F4xx_HAL_Driver/Src/stm32f4xx_hal.o
 .debug_macro   0x00012ff0      0x23a Drivers/STM32F4xx_HAL_Driver/Src/stm32f4xx_hal.o
 .debug_macro   0x0001322a      0x391 Drivers/STM32F4xx_HAL_Driver/Src/stm32f4xx_hal.o
 .debug_macro   0x000135bb      0x17d Drivers/STM32F4xx_HAL_Driver/Src/stm32f4xx_hal.o
 .debug_macro   0x00013738       0xf9 Drivers/STM32F4xx_HAL_Driver/Src/stm32f4xx_hal.o
 .debug_macro   0x00013831      0x13a Drivers/STM32F4xx_HAL_Driver/Src/stm32f4xx_hal.o
 .debug_macro   0x0001396b      0x264 Drivers/STM32F4xx_HAL_Driver/Src/stm32f4xx_hal.o
 .debug_macro   0x00013bcf       0x2e Drivers/STM32F4xx_HAL_Driver/Src/stm32f4xx_hal.o
 .debug_macro   0x00013bfd      0x1a7 Drivers/STM32F4xx_HAL_Driver/Src/stm32f4xx_hal.o
 .debug_macro   0x00013da4       0x22 Drivers/STM32F4xx_HAL_Driver/Src/stm32f4xx_hal.o
 .debug_macro   0x00013dc6       0xa5 Drivers/STM32F4xx_HAL_Driver/Src/stm32f4xx_hal.o
 .debug_macro   0x00013e6b      0x11e Drivers/STM32F4xx_HAL_Driver/Src/stm32f4xx_hal.o
 .debug_macro   0x00013f89       0x85 Drivers/STM32F4xx_HAL_Driver/Src/stm32f4xx_hal.o
 .debug_macro   0x0001400e       0x89 Drivers/STM32F4xx_HAL_Driver/Src/stm32f4xx_hal.o
 .debug_macro   0x00014097      0x6e0 Drivers/STM32F4xx_HAL_Driver/Src/stm32f4xx_hal.o
 .debug_macro   0x00014777       0x5b Drivers/STM32F4xx_HAL_Driver/Src/stm32f4xx_hal.o
 .debug_macro   0x000147d2      0x14d Drivers/STM32F4xx_HAL_Driver/Src/stm32f4xx_hal.o
 .debug_macro   0x0001491f      0x287 Drivers/STM32F4xx_HAL_Driver/Src/stm32f4xx_hal.o
 .debug_macro   0x00014ba6      0x11e Drivers/STM32F4xx_HAL_Driver/Src/stm32f4xx_hal.o
 .debug_macro   0x00014cc4      0x34c Drivers/STM32F4xx_HAL_Driver/Src/stm32f4xx_hal_adc.o
 .debug_macro   0x00015010      0x34b Drivers/STM32F4xx_HAL_Driver/Src/stm32f4xx_hal_cortex.o
 .debug_macro   0x0001535b      0x352 Drivers/STM32F4xx_HAL_Driver/Src/stm32f4xx_hal_dma.o
 .debug_macro   0x000156ad      0x383 Drivers/STM32F4xx_HAL_Driver/Src/stm32f4xx_hal_gpio.o
 .debug_macro   0x00015a30      0x38b Drivers/STM32F4xx_HAL_Driver/Src/stm32f4xx_hal_i2c.o
 .debug_macro   0x00015dbb      0x375 Drivers/STM32F4xx_HAL_Driver/Src/stm32f4xx_hal_rcc.o
 .debug_macro   0x00016130      0x34c Drivers/STM32F4xx_HAL_Driver/Src/stm32f4xx_hal_tim.o
 .debug_macro   0x0001647c      0x34b Drivers/STM32F4xx_HAL_Driver/Src/stm32f4xx_hal_tim_ex.o
 .debug_macro   0x000167c7      0x34c Drivers/STM32F4xx_HAL_Driver/Src/stm32f4xx_hal_uart.o
 .debug_macro   0x00016b13      0x1f3 Middlewares/Third_Party/FreeRTOS/Source/CMSIS_RTOS/cmsis_os.o
 .debug_macro   0x00016d06       0x52 Middlewares/Third_Party/FreeRTOS/Source/CMSIS_RTOS/cmsis_os.o
 .debug_macro   0x00016d58       0x8d Middlewares/Third_Party/FreeRTOS/Source/CMSIS_RTOS/cmsis_os.o
 .debug_macro   0x00016de5      0x174 Middlewares/Third_Party/FreeRTOS/Source/CMSIS_RTOS/cmsis_os.o
 .debug_macro   0x00016f59       0x57 Middlewares/Third_Party/FreeRTOS/Source/CMSIS_RTOS/cmsis_os.o
 .debug_macro   0x00016fb0       0x10 Middlewares/Third_Party/FreeRTOS/Source/CMSIS_RTOS/cmsis_os.o
 .debug_macro   0x00016fc0       0x35 Middlewares/Third_Party/FreeRTOS/Source/CMSIS_RTOS/cmsis_os.o
 .debug_macro   0x00016ff5       0xd2 Middlewares/Third_Party/FreeRTOS/Source/CMSIS_RTOS/cmsis_os.o
 .debug_macro   0x000170c7      0x168 Middlewares/Third_Party/FreeRTOS/Source/CMSIS_RTOS/cmsis_os.o
 .debug_macro   0x0001722f       0xe4 Middlewares/Third_Party/FreeRTOS/Source/CMSIS_RTOS/cmsis_os.o
 .debug_macro   0x00017313       0x10 Middlewares/Third_Party/FreeRTOS/Source/CMSIS_RTOS/cmsis_os.o
 .debug_macro   0x00017323       0x1f Middlewares/Third_Party/FreeRTOS/Source/CMSIS_RTOS/cmsis_os.o
 .debug_macro   0x00017342      0x40f Middlewares/Third_Party/FreeRTOS/Source/CMSIS_RTOS/cmsis_os.o
 .debug_macro   0x00017751       0xc0 Middlewares/Third_Party/FreeRTOS/Source/CMSIS_RTOS/cmsis_os.o
 .debug_macro   0x00017811       0x8c Middlewares/Third_Party/FreeRTOS/Source/CMSIS_RTOS/cmsis_os.o
 .debug_macro   0x0001789d       0x91 Middlewares/Third_Party/FreeRTOS/Source/CMSIS_RTOS/cmsis_os.o
 .debug_macro   0x0001792e       0x94 Middlewares/Third_Party/FreeRTOS/Source/CMSIS_RTOS/cmsis_os.o
 .debug_macro   0x000179c2       0x63 Middlewares/Third_Party/FreeRTOS/Source/CMSIS_RTOS/cmsis_os.o
 .debug_macro   0x00017a25       0x19 Middlewares/Third_Party/FreeRTOS/Source/CMSIS_RTOS/cmsis_os.o
 .debug_macro   0x00017a3e       0xcf Middlewares/Third_Party/FreeRTOS/Source/CMSIS_RTOS/cmsis_os.o
 .debug_macro   0x00017b0d       0x26 Middlewares/Third_Party/FreeRTOS/Source/CMSIS_RTOS/cmsis_os.o
 .debug_macro   0x00017b33      0x18b Middlewares/Third_Party/FreeRTOS/Source/list.o
 .debug_macro   0x00017cbe      0x207 Middlewares/Third_Party/FreeRTOS/Source/queue.o
 .debug_macro   0x00017ec5       0x16 Middlewares/Third_Party/FreeRTOS/Source/queue.o
 .debug_macro   0x00017edb      0x26a Middlewares/Third_Party/FreeRTOS/Source/tasks.o
 .debug_macro   0x00018145       0x11 Middlewares/Third_Party/FreeRTOS/Source/tasks.o
 .debug_macro   0x00018156      0x1ad Middlewares/Third_Party/FreeRTOS/Source/portable/GCC/ARM_CM4F/port.o
 .debug_macro   0x00018303      0x1b2 Middlewares/Third_Party/FreeRTOS/Source/portable/MemMang/heap_4.o
 .debug_macro   0x000184b5      0x40f Src/UARTmenu.o
 .debug_macro   0x000188c4       0xd8 Src/UARTmenu.o
 .debug_macro   0x0001899c      0x403 Src/main.o
 .debug_macro   0x00018d9f      0x34b Src/stm32f4xx_hal_msp.o
 .debug_macro   0x000190ea      0x409 Src/stm32f4xx_it.o
 .debug_macro   0x000194f3      0x351 Src/system_stm32f4xx.o

.debug_line     0x00000000    0x10a52
 .debug_line    0x00000000      0xa89 Drivers/STM32F4xx_HAL_Driver/Src/stm32f4xx_hal.o
 .debug_line    0x00000a89      0xd5f Drivers/STM32F4xx_HAL_Driver/Src/stm32f4xx_hal_adc.o
 .debug_line    0x000017e8      0xaf6 Drivers/STM32F4xx_HAL_Driver/Src/stm32f4xx_hal_cortex.o
 .debug_line    0x000022de      0xbff Drivers/STM32F4xx_HAL_Driver/Src/stm32f4xx_hal_dma.o
 .debug_line    0x00002edd      0xa4c Drivers/STM32F4xx_HAL_Driver/Src/stm32f4xx_hal_gpio.o
 .debug_line    0x00003929     0x1aae Drivers/STM32F4xx_HAL_Driver/Src/stm32f4xx_hal_i2c.o
 .debug_line    0x000053d7      0xbef Drivers/STM32F4xx_HAL_Driver/Src/stm32f4xx_hal_rcc.o
 .debug_line    0x00005fc6     0x18b8 Drivers/STM32F4xx_HAL_Driver/Src/stm32f4xx_hal_tim.o
 .debug_line    0x0000787e      0xe96 Drivers/STM32F4xx_HAL_Driver/Src/stm32f4xx_hal_tim_ex.o
 .debug_line    0x00008714     0x11e4 Drivers/STM32F4xx_HAL_Driver/Src/stm32f4xx_hal_uart.o
 .debug_line    0x000098f8      0xc5a Middlewares/Third_Party/FreeRTOS/Source/CMSIS_RTOS/cmsis_os.o
 .debug_line    0x0000a552      0x5eb Middlewares/Third_Party/FreeRTOS/Source/list.o
 .debug_line    0x0000ab3d      0xb04 Middlewares/Third_Party/FreeRTOS/Source/queue.o
 .debug_line    0x0000b641      0xe58 Middlewares/Third_Party/FreeRTOS/Source/tasks.o
 .debug_line    0x0000c499      0x66c Middlewares/Third_Party/FreeRTOS/Source/portable/GCC/ARM_CM4F/port.o
 .debug_line    0x0000cb05      0x69d Middlewares/Third_Party/FreeRTOS/Source/portable/MemMang/heap_4.o
 .debug_line    0x0000d1a2      0xc50 Src/UARTmenu.o
 .debug_line    0x0000ddf2      0xd1c Src/main.o
 .debug_line    0x0000eb0e      0x9ef Src/stm32f4xx_hal_msp.o
 .debug_line    0x0000f4fd      0xbcc Src/stm32f4xx_it.o
 .debug_line    0x000100c9      0x90a Src/system_stm32f4xx.o
 .debug_line    0x000109d3       0x7f startup/startup_stm32f411xe.o

.debug_str      0x00000000    0x95858
 .debug_str     0x00000000    0x89a41 Drivers/STM32F4xx_HAL_Driver/Src/stm32f4xx_hal.o
                              0x89e14 (size before relaxing)
 .debug_str     0x00089a41      0x690 Drivers/STM32F4xx_HAL_Driver/Src/stm32f4xx_hal_adc.o
                              0x89a5d (size before relaxing)
 .debug_str     0x0008a0d1      0x39e Drivers/STM32F4xx_HAL_Driver/Src/stm32f4xx_hal_cortex.o
                              0x89bc8 (size before relaxing)
 .debug_str     0x0008a46f      0x2fe Drivers/STM32F4xx_HAL_Driver/Src/stm32f4xx_hal_dma.o
                              0x89895 (size before relaxing)
 .debug_str     0x0008a76d      0x281 Drivers/STM32F4xx_HAL_Driver/Src/stm32f4xx_hal_gpio.o
                              0x896c5 (size before relaxing)
 .debug_str     0x0008a9ee      0xcc7 Drivers/STM32F4xx_HAL_Driver/Src/stm32f4xx_hal_i2c.o
                              0x8a2be (size before relaxing)
 .debug_str     0x0008b6b5      0x36b Drivers/STM32F4xx_HAL_Driver/Src/stm32f4xx_hal_rcc.o
                              0x89896 (size before relaxing)
 .debug_str     0x0008ba20      0xe6b Drivers/STM32F4xx_HAL_Driver/Src/stm32f4xx_hal_tim.o
                              0x8a4bb (size before relaxing)
 .debug_str     0x0008c88b      0x4f4 Drivers/STM32F4xx_HAL_Driver/Src/stm32f4xx_hal_tim_ex.o
                              0x89d7b (size before relaxing)
 .debug_str     0x0008cd7f      0x6b9 Drivers/STM32F4xx_HAL_Driver/Src/stm32f4xx_hal_uart.o
                              0x89cf8 (size before relaxing)
 .debug_str     0x0008d438     0x5cfe Middlewares/Third_Party/FreeRTOS/Source/CMSIS_RTOS/cmsis_os.o
                               0xc30b (size before relaxing)
 .debug_str     0x00093136      0x234 Middlewares/Third_Party/FreeRTOS/Source/list.o
                               0x95a8 (size before relaxing)
 .debug_str     0x0009336a      0x6eb Middlewares/Third_Party/FreeRTOS/Source/queue.o
                               0xabde (size before relaxing)
 .debug_str     0x00093a55      0xf16 Middlewares/Third_Party/FreeRTOS/Source/tasks.o
                               0xb62e (size before relaxing)
 .debug_str     0x0009496b      0x77c Middlewares/Third_Party/FreeRTOS/Source/portable/GCC/ARM_CM4F/port.o
                               0x7620 (size before relaxing)
 .debug_str     0x000950e7      0x243 Middlewares/Third_Party/FreeRTOS/Source/portable/MemMang/heap_4.o
                               0x9ce8 (size before relaxing)
 .debug_str     0x0009532a      0x14a Src/UARTmenu.o
                              0x8ea46 (size before relaxing)
 .debug_str     0x00095474      0x2a3 Src/main.o
                              0x8fcd6 (size before relaxing)
 .debug_str     0x00095717       0x24 Src/stm32f4xx_hal_msp.o
                              0x8a2c2 (size before relaxing)
 .debug_str     0x0009573b       0xc3 Src/stm32f4xx_it.o
                              0x8eab0 (size before relaxing)
 .debug_str     0x000957fe       0x5a Src/system_stm32f4xx.o
                              0x89481 (size before relaxing)

.comment        0x00000000       0x7f
 .comment       0x00000000       0x7f Drivers/STM32F4xx_HAL_Driver/Src/stm32f4xx_hal.o
                                 0x80 (size before relaxing)
 .comment       0x0000007f       0x80 Drivers/STM32F4xx_HAL_Driver/Src/stm32f4xx_hal_adc.o
 .comment       0x0000007f       0x80 Drivers/STM32F4xx_HAL_Driver/Src/stm32f4xx_hal_cortex.o
 .comment       0x0000007f       0x80 Drivers/STM32F4xx_HAL_Driver/Src/stm32f4xx_hal_dma.o
 .comment       0x0000007f       0x80 Drivers/STM32F4xx_HAL_Driver/Src/stm32f4xx_hal_gpio.o
 .comment       0x0000007f       0x80 Drivers/STM32F4xx_HAL_Driver/Src/stm32f4xx_hal_i2c.o
 .comment       0x0000007f       0x80 Drivers/STM32F4xx_HAL_Driver/Src/stm32f4xx_hal_rcc.o
 .comment       0x0000007f       0x80 Drivers/STM32F4xx_HAL_Driver/Src/stm32f4xx_hal_tim.o
 .comment       0x0000007f       0x80 Drivers/STM32F4xx_HAL_Driver/Src/stm32f4xx_hal_tim_ex.o
 .comment       0x0000007f       0x80 Drivers/STM32F4xx_HAL_Driver/Src/stm32f4xx_hal_uart.o
 .comment       0x0000007f       0x80 Middlewares/Third_Party/FreeRTOS/Source/CMSIS_RTOS/cmsis_os.o
 .comment       0x0000007f       0x80 Middlewares/Third_Party/FreeRTOS/Source/list.o
 .comment       0x0000007f       0x80 Middlewares/Third_Party/FreeRTOS/Source/queue.o
 .comment       0x0000007f       0x80 Middlewares/Third_Party/FreeRTOS/Source/tasks.o
 .comment       0x0000007f       0x80 Middlewares/Third_Party/FreeRTOS/Source/portable/GCC/ARM_CM4F/port.o
 .comment       0x0000007f       0x80 Middlewares/Third_Party/FreeRTOS/Source/portable/MemMang/heap_4.o
 .comment       0x0000007f       0x80 Src/UARTmenu.o
 .comment       0x0000007f       0x80 Src/main.o
 .comment       0x0000007f       0x80 Src/stm32f4xx_hal_msp.o
 .comment       0x0000007f       0x80 Src/stm32f4xx_it.o
 .comment       0x0000007f       0x80 Src/system_stm32f4xx.o

.debug_frame    0x00000000     0x3c70
 .debug_frame   0x00000000      0x198 Drivers/STM32F4xx_HAL_Driver/Src/stm32f4xx_hal.o
 .debug_frame   0x00000198      0x27c Drivers/STM32F4xx_HAL_Driver/Src/stm32f4xx_hal_adc.o
 .debug_frame   0x00000414      0x15c Drivers/STM32F4xx_HAL_Driver/Src/stm32f4xx_hal_cortex.o
 .debug_frame   0x00000570      0x17c Drivers/STM32F4xx_HAL_Driver/Src/stm32f4xx_hal_dma.o
 .debug_frame   0x000006ec       0xd0 Drivers/STM32F4xx_HAL_Driver/Src/stm32f4xx_hal_gpio.o
 .debug_frame   0x000007bc      0x848 Drivers/STM32F4xx_HAL_Driver/Src/stm32f4xx_hal_i2c.o
 .debug_frame   0x00001004      0x13c Drivers/STM32F4xx_HAL_Driver/Src/stm32f4xx_hal_rcc.o
 .debug_frame   0x00001140      0x9e0 Drivers/STM32F4xx_HAL_Driver/Src/stm32f4xx_hal_tim.o
 .debug_frame   0x00001b20      0x384 Drivers/STM32F4xx_HAL_Driver/Src/stm32f4xx_hal_tim_ex.o
 .debug_frame   0x00001ea4      0x4e8 Drivers/STM32F4xx_HAL_Driver/Src/stm32f4xx_hal_uart.o
 .debug_frame   0x0000238c      0x584 Middlewares/Third_Party/FreeRTOS/Source/CMSIS_RTOS/cmsis_os.o
 .debug_frame   0x00002910       0x6c Middlewares/Third_Party/FreeRTOS/Source/list.o
 .debug_frame   0x0000297c      0x2b4 Middlewares/Third_Party/FreeRTOS/Source/queue.o
 .debug_frame   0x00002c30      0x4e8 Middlewares/Third_Party/FreeRTOS/Source/tasks.o
 .debug_frame   0x00003118       0xfc Middlewares/Third_Party/FreeRTOS/Source/portable/GCC/ARM_CM4F/port.o
 .debug_frame   0x00003214       0xac Middlewares/Third_Party/FreeRTOS/Source/portable/MemMang/heap_4.o
 .debug_frame   0x000032c0       0xd8 Src/UARTmenu.o
 .debug_frame   0x00003398      0x1cc Src/main.o
 .debug_frame   0x00003564      0x11c Src/stm32f4xx_hal_msp.o
 .debug_frame   0x00003680       0xb8 Src/stm32f4xx_it.o
 .debug_frame   0x00003738       0x30 Src/system_stm32f4xx.o
 .debug_frame   0x00003768       0x2c c:/users/benoit/.p2/pool/plugins/fr.ac6.mcu.externaltools.arm-none.win32_1.15.0.201708311556/tools/compiler/bin/../lib/gcc/arm-none-eabi/6.3.1/../../../../arm-none-eabi/lib/thumb/v7e-m/fpv4-sp/hard\libc_nano.a(lib_a-init.o)
 .debug_frame   0x00003794       0x28 c:/users/benoit/.p2/pool/plugins/fr.ac6.mcu.externaltools.arm-none.win32_1.15.0.201708311556/tools/compiler/bin/../lib/gcc/arm-none-eabi/6.3.1/../../../../arm-none-eabi/lib/thumb/v7e-m/fpv4-sp/hard\libc_nano.a(lib_a-memcpy-stub.o)